Archive member included to satisfy reference by file (symbol)

/usr/local/gcc-arm-none-eabi-7-2018-q2-update/bin/../lib/gcc/arm-none-eabi/7.3.1/../../../../arm-none-eabi/lib/thumb/v7e-m/fpv4-sp/hard/libc_nano.a(lib_a-exit.o)
                              /usr/local/gcc-arm-none-eabi-7-2018-q2-update/bin/../lib/gcc/arm-none-eabi/7.3.1/../../../../arm-none-eabi/lib/thumb/v7e-m/fpv4-sp/hard/crt0.o (exit)
/usr/local/gcc-arm-none-eabi-7-2018-q2-update/bin/../lib/gcc/arm-none-eabi/7.3.1/../../../../arm-none-eabi/lib/thumb/v7e-m/fpv4-sp/hard/libc_nano.a(lib_a-impure.o)
                              /usr/local/gcc-arm-none-eabi-7-2018-q2-update/bin/../lib/gcc/arm-none-eabi/7.3.1/../../../../arm-none-eabi/lib/thumb/v7e-m/fpv4-sp/hard/libc_nano.a(lib_a-exit.o) (_global_impure_ptr)
/usr/local/gcc-arm-none-eabi-7-2018-q2-update/bin/../lib/gcc/arm-none-eabi/7.3.1/../../../../arm-none-eabi/lib/thumb/v7e-m/fpv4-sp/hard/libc_nano.a(lib_a-init.o)
                              /usr/local/gcc-arm-none-eabi-7-2018-q2-update/bin/../lib/gcc/arm-none-eabi/7.3.1/../../../../arm-none-eabi/lib/thumb/v7e-m/fpv4-sp/hard/crt0.o (__libc_init_array)
/usr/local/gcc-arm-none-eabi-7-2018-q2-update/bin/../lib/gcc/arm-none-eabi/7.3.1/../../../../arm-none-eabi/lib/thumb/v7e-m/fpv4-sp/hard/libc_nano.a(lib_a-memcpy-stub.o)
                              _build/nrf52840_xxaa/queue.c.o (memcpy)
/usr/local/gcc-arm-none-eabi-7-2018-q2-update/bin/../lib/gcc/arm-none-eabi/7.3.1/../../../../arm-none-eabi/lib/thumb/v7e-m/fpv4-sp/hard/libc_nano.a(lib_a-memset.o)
                              /usr/local/gcc-arm-none-eabi-7-2018-q2-update/bin/../lib/gcc/arm-none-eabi/7.3.1/../../../../arm-none-eabi/lib/thumb/v7e-m/fpv4-sp/hard/crt0.o (memset)
/usr/local/gcc-arm-none-eabi-7-2018-q2-update/bin/../lib/gcc/arm-none-eabi/7.3.1/../../../../arm-none-eabi/lib/thumb/v7e-m/fpv4-sp/hard/libc_nano.a(lib_a-strlen.o)
                              _build/nrf52840_xxaa/nrf_fprintf_format.c.o (strlen)
/usr/local/gcc-arm-none-eabi-7-2018-q2-update/bin/../lib/gcc/arm-none-eabi/7.3.1/../../../../arm-none-eabi/lib/thumb/v7e-m/fpv4-sp/hard/libnosys.a(_exit.o)
                              /usr/local/gcc-arm-none-eabi-7-2018-q2-update/bin/../lib/gcc/arm-none-eabi/7.3.1/../../../../arm-none-eabi/lib/thumb/v7e-m/fpv4-sp/hard/libc_nano.a(lib_a-exit.o) (_exit)

Allocating common symbols
Common symbol       size              file

xQueueRegistry      0x10              _build/nrf52840_xxaa/queue.c.o

Discarded input sections

 .text          0x0000000000000000        0x0 /usr/local/gcc-arm-none-eabi-7-2018-q2-update/bin/../lib/gcc/arm-none-eabi/7.3.1/thumb/v7e-m/fpv4-sp/hard/crti.o
 .data          0x0000000000000000        0x0 /usr/local/gcc-arm-none-eabi-7-2018-q2-update/bin/../lib/gcc/arm-none-eabi/7.3.1/thumb/v7e-m/fpv4-sp/hard/crti.o
 .bss           0x0000000000000000        0x0 /usr/local/gcc-arm-none-eabi-7-2018-q2-update/bin/../lib/gcc/arm-none-eabi/7.3.1/thumb/v7e-m/fpv4-sp/hard/crti.o
 .data          0x0000000000000000        0x4 /usr/local/gcc-arm-none-eabi-7-2018-q2-update/bin/../lib/gcc/arm-none-eabi/7.3.1/thumb/v7e-m/fpv4-sp/hard/crtbegin.o
 .data          0x0000000000000000        0x0 /usr/local/gcc-arm-none-eabi-7-2018-q2-update/bin/../lib/gcc/arm-none-eabi/7.3.1/../../../../arm-none-eabi/lib/thumb/v7e-m/fpv4-sp/hard/crt0.o
 .bss           0x0000000000000000        0x0 /usr/local/gcc-arm-none-eabi-7-2018-q2-update/bin/../lib/gcc/arm-none-eabi/7.3.1/../../../../arm-none-eabi/lib/thumb/v7e-m/fpv4-sp/hard/crt0.o
 .ARM.extab     0x0000000000000000        0x0 /usr/local/gcc-arm-none-eabi-7-2018-q2-update/bin/../lib/gcc/arm-none-eabi/7.3.1/../../../../arm-none-eabi/lib/thumb/v7e-m/fpv4-sp/hard/crt0.o
 .data          0x0000000000000000        0x0 _build/nrf52840_xxaa/gcc_startup_nrf52840.S.o
 .bss           0x0000000000000000        0x0 _build/nrf52840_xxaa/gcc_startup_nrf52840.S.o
 .group         0x0000000000000000        0xc _build/nrf52840_xxaa/nrf_log_frontend.c.o
 .group         0x0000000000000000        0xc _build/nrf52840_xxaa/nrf_log_frontend.c.o
 .group         0x0000000000000000        0xc _build/nrf52840_xxaa/nrf_log_frontend.c.o
 .group         0x0000000000000000        0xc _build/nrf52840_xxaa/nrf_log_frontend.c.o
 .group         0x0000000000000000        0xc _build/nrf52840_xxaa/nrf_log_frontend.c.o
 .group         0x0000000000000000        0xc _build/nrf52840_xxaa/nrf_log_frontend.c.o
 .group         0x0000000000000000        0xc _build/nrf52840_xxaa/nrf_log_frontend.c.o
 .group         0x0000000000000000        0xc _build/nrf52840_xxaa/nrf_log_frontend.c.o
 .group         0x0000000000000000        0xc _build/nrf52840_xxaa/nrf_log_frontend.c.o
 .group         0x0000000000000000        0xc _build/nrf52840_xxaa/nrf_log_frontend.c.o
 .group         0x0000000000000000        0xc _build/nrf52840_xxaa/nrf_log_frontend.c.o
 .group         0x0000000000000000        0xc _build/nrf52840_xxaa/nrf_log_frontend.c.o
[...]
Memory Configuration

Name             Origin             Length             Attributes
FLASH            0x0000000000000000 0x0000000000100000 xr
RAM              0x0000000020000000 0x0000000000040000 xrw
*default*        0x0000000000000000 0xffffffffffffffff

Linker script and memory map


.text           0x0000000000000000     0x3a6c
 *(.isr_vector)
 .isr_vector    0x0000000000000000      0x200 _build/nrf52840_xxaa/gcc_startup_nrf52840.S.o
                0x0000000000000000                __isr_vector
 *(.text*)
 .text          0x0000000000000200       0x40 /usr/local/gcc-arm-none-eabi-7-2018-q2-update/bin/../lib/gcc/arm-none-eabi/7.3.1/thumb/v7e-m/fpv4-sp/hard/crtbegin.o
 .text          0x0000000000000240       0x74 /usr/local/gcc-arm-none-eabi-7-2018-q2-update/bin/../lib/gcc/arm-none-eabi/7.3.1/../../../../arm-none-eabi/lib/thumb/v7e-m/fpv4-sp/hard/crt0.o
                0x0000000000000240                _mainCRTStartup
                0x0000000000000240                _start
 .text          0x00000000000002b4       0x3c _build/nrf52840_xxaa/gcc_startup_nrf52840.S.o
                0x00000000000002b4                Reset_Handler
                0x00000000000002dc                NMI_Handler
                0x00000000000002de                HardFault_Handler
                0x00000000000002e0                MemoryManagement_Handler
                0x00000000000002e2                BusFault_Handler
                0x00000000000002e4                UsageFault_Handler
                0x00000000000002e8                DebugMon_Handler
                0x00000000000002ec                SysTick_Handler
                0x00000000000002ee                TIMER2_IRQHandler
                0x00000000000002ee                RTC0_IRQHandler
                0x00000000000002ee                SWI0_EGU0_IRQHandler
                0x00000000000002ee                SWI2_EGU2_IRQHandler
                0x00000000000002ee                PWM1_IRQHandler
                0x00000000000002ee                RADIO_IRQHandler
                0x00000000000002ee                PDM_IRQHandler
                0x00000000000002ee                TEMP_IRQHandler
                0x00000000000002ee                QDEC_IRQHandler
                0x00000000000002ee                TIMER3_IRQHandler
                0x00000000000002ee                PWM3_IRQHandler
                0x00000000000002ee                FPU_IRQHandler
                0x00000000000002ee                USBD_IRQHandler
                0x00000000000002ee                SPIM0_SPIS0_TWIM0_TWIS0_SPI0_TWI0_IRQHandler
                0x00000000000002ee                UARTE0_UART0_IRQHandler
                0x00000000000002ee                TIMER4_IRQHandler
                0x00000000000002ee                CRYPTOCELL_IRQHandler
                0x00000000000002ee                I2S_IRQHandler
                0x00000000000002ee                SWI4_EGU4_IRQHandler
                0x00000000000002ee                TIMER0_IRQHandler
                0x00000000000002ee                UARTE1_IRQHandler
                0x00000000000002ee                TIMER1_IRQHandler
                0x00000000000002ee                SPIM3_IRQHandler
                0x00000000000002ee                PWM2_IRQHandler
                0x00000000000002ee                ECB_IRQHandler
                0x00000000000002ee                SPIM1_SPIS1_TWIM1_TWIS1_SPI1_TWI1_IRQHandler
                0x00000000000002ee                Default_Handler
                0x00000000000002ee                SAADC_IRQHandler
                0x00000000000002ee                CCM_AAR_IRQHandler
                0x00000000000002ee                WDT_IRQHandler
                0x00000000000002ee                SWI5_EGU5_IRQHandler
                0x00000000000002ee                RNG_IRQHandler
                0x00000000000002ee                RTC2_IRQHandler
                0x00000000000002ee                PWM0_IRQHandler
                0x00000000000002ee                SWI3_EGU3_IRQHandler
                0x00000000000002ee                SWI1_EGU1_IRQHandler
                0x00000000000002ee                SPIM2_SPIS2_SPI2_IRQHandler
                0x00000000000002ee                NFCT_IRQHandler
                0x00000000000002ee                MWU_IRQHandler
                0x00000000000002ee                QSPI_IRQHandler
                0x00000000000002ee                COMP_LPCOMP_IRQHandler
 .text.bsp_board_led_state_get
                0x00000000000002f0       0x28 _build/nrf52840_xxaa/boards.c.o
                0x00000000000002f0                bsp_board_led_state_get
 .text.bsp_board_led_on
                0x0000000000000318       0x28 _build/nrf52840_xxaa/boards.c.o
                0x0000000000000318                bsp_board_led_on
 .text.bsp_board_led_off
                0x0000000000000340       0x28 _build/nrf52840_xxaa/boards.c.o
                0x0000000000000340                bsp_board_led_off
 .text.bsp_board_leds_off
                0x0000000000000368       0x2c _build/nrf52840_xxaa/boards.c.o
                0x0000000000000368                bsp_board_leds_off
 .text.bsp_board_leds_on
                0x0000000000000394       0x2c _build/nrf52840_xxaa/boards.c.o
                0x0000000000000394                bsp_board_leds_on
 .text.bsp_board_led_invert
                0x00000000000003c0       0x34 _build/nrf52840_xxaa/boards.c.o
                0x00000000000003c0                bsp_board_led_invert
 .text.bsp_board_pin_to_button_idx
                0x00000000000003f4       0x24 _build/nrf52840_xxaa/boards.c.o
                0x00000000000003f4                bsp_board_pin_to_button_idx
 .text.bsp_board_init
                0x0000000000000418       0x5c _build/nrf52840_xxaa/boards.c.o
                0x0000000000000418                bsp_board_init
 .text.pvPortMalloc
                0x0000000000000474       0x58 _build/nrf52840_xxaa/heap_1.c.o
                0x0000000000000474                pvPortMalloc
 .text.vPortFree
                0x00000000000004cc        0x4 _build/nrf52840_xxaa/heap_1.c.o
                0x00000000000004cc                vPortFree
 .text.vListInitialise
                0x00000000000004d0       0x18 _build/nrf52840_xxaa/list.c.o
                0x00000000000004d0                vListInitialise
 .text.vListInitialiseItem
                0x00000000000004e8        0x8 _build/nrf52840_xxaa/list.c.o
                0x00000000000004e8                vListInitialiseItem
 .text.vListInsertEnd
                0x00000000000004f0       0x18 _build/nrf52840_xxaa/list.c.o
                0x00000000000004f0                vListInsertEnd
 .text.vListInsert
                0x0000000000000508       0x34 _build/nrf52840_xxaa/list.c.o
                0x0000000000000508                vListInsert
 .text.uxListRemove
                0x000000000000053c       0x28 _build/nrf52840_xxaa/list.c.o
                0x000000000000053c                uxListRemove
 .text.vPortStartFirstTask
                0x0000000000000564       0x1c _build/nrf52840_xxaa/port.c.o
                0x0000000000000564                vPortStartFirstTask
 .text.SVC_Handler
                0x0000000000000580       0x20 _build/nrf52840_xxaa/port.c.o
                0x0000000000000580                SVC_Handler
 .text.PendSV_Handler
                0x00000000000005a0       0x60 _build/nrf52840_xxaa/port.c.o
                0x00000000000005a0                PendSV_Handler
 .text.prvTaskExitError
                0x0000000000000600        0x8 _build/nrf52840_xxaa/port_cmsis.c.o
 .text.pxPortInitialiseStack
                0x0000000000000608       0x2c _build/nrf52840_xxaa/port_cmsis.c.o
                0x0000000000000608                pxPortInitialiseStack
 .text.xPortStartScheduler
                0x0000000000000634       0x4c _build/nrf52840_xxaa/port_cmsis.c.o
                0x0000000000000634                xPortStartScheduler
 .text.vPortEnterCritical
                0x0000000000000680       0x14 _build/nrf52840_xxaa/port_cmsis.c.o
                0x0000000000000680                vPortEnterCritical
 .text.vPortExitCritical
                0x0000000000000694       0x14 _build/nrf52840_xxaa/port_cmsis.c.o
                0x0000000000000694                vPortExitCritical
 .text.RTC1_IRQHandler
                0x00000000000006a8       0x80 _build/nrf52840_xxaa/port_cmsis_systick.c.o
                0x00000000000006a8                RTC1_IRQHandler
 .text.vPortSetupTimerInterrupt
                0x0000000000000728       0x40 _build/nrf52840_xxaa/port_cmsis_systick.c.o
                0x0000000000000728                vPortSetupTimerInterrupt
 .text.vPortSuppressTicksAndSleep
                0x0000000000000768       0xc0 _build/nrf52840_xxaa/port_cmsis_systick.c.o
                0x0000000000000768                vPortSuppressTicksAndSleep
 .text.xQueueGenericCreate
                0x0000000000000828       0x74 _build/nrf52840_xxaa/queue.c.o
                0x0000000000000828                xQueueGenericCreate
 .text.xQueueGenericSend
                0x000000000000089c      0x3b4 _build/nrf52840_xxaa/queue.c.o
                0x000000000000089c                xQueueGenericSend
 .text.xQueueGenericSendFromISR
                0x0000000000000c50       0xf4 _build/nrf52840_xxaa/queue.c.o
                0x0000000000000c50                xQueueGenericSendFromISR
 .text.xQueueReceive
                0x0000000000000d44      0x324 _build/nrf52840_xxaa/queue.c.o
                0x0000000000000d44                xQueueReceive
 .text.vQueueAddToRegistry
                0x0000000000001068       0x24 _build/nrf52840_xxaa/queue.c.o
                0x0000000000001068                vQueueAddToRegistry
 .text.vQueueWaitForMessageRestricted
                0x000000000000108c       0xcc _build/nrf52840_xxaa/queue.c.o
                0x000000000000108c                vQueueWaitForMessageRestricted
 .text.xTaskCreate
                0x0000000000001158      0x1e8 _build/nrf52840_xxaa/tasks.c.o
                0x0000000000001158                xTaskCreate
 .text.vTaskStartScheduler
                0x0000000000001340      0x1d0 _build/nrf52840_xxaa/tasks.c.o
                0x0000000000001340                vTaskStartScheduler
 .text.vTaskSuspendAll
                0x0000000000001510       0x10 _build/nrf52840_xxaa/tasks.c.o
                0x0000000000001510                vTaskSuspendAll
 .text.xTaskGetTickCount
                0x0000000000001520        0xc _build/nrf52840_xxaa/tasks.c.o
                0x0000000000001520                xTaskGetTickCount
 .text.xTaskGetTickCountFromISR
                0x000000000000152c        0xc _build/nrf52840_xxaa/tasks.c.o
                0x000000000000152c                xTaskGetTickCountFromISR
 .text.vTaskStepTick
                0x0000000000001538       0x10 _build/nrf52840_xxaa/tasks.c.o
                0x0000000000001538                vTaskStepTick
 .text.xTaskIncrementTick
                0x0000000000001548      0x120 _build/nrf52840_xxaa/tasks.c.o
                0x0000000000001548                xTaskIncrementTick
 .text.xTaskResumeAll
                0x0000000000001668      0x118 _build/nrf52840_xxaa/tasks.c.o
                0x0000000000001668                xTaskResumeAll
 .text.vTaskDelay
                0x0000000000001780       0x9c _build/nrf52840_xxaa/tasks.c.o
                0x0000000000001780                vTaskDelay
 .text.prvIdleTask
                0x000000000000181c      0x100 _build/nrf52840_xxaa/tasks.c.o
 .text.vTaskSwitchContext
                0x000000000000191c       0x58 _build/nrf52840_xxaa/tasks.c.o
                0x000000000000191c                vTaskSwitchContext
 .text.vTaskPlaceOnEventList
                0x0000000000001974       0x90 _build/nrf52840_xxaa/tasks.c.o
                0x0000000000001974                vTaskPlaceOnEventList
 .text.vTaskPlaceOnEventListRestricted
                0x0000000000001a04       0xac _build/nrf52840_xxaa/tasks.c.o
                0x0000000000001a04                vTaskPlaceOnEventListRestricted
 .text.xTaskRemoveFromEventList
                0x0000000000001ab0       0x9c _build/nrf52840_xxaa/tasks.c.o
                0x0000000000001ab0                xTaskRemoveFromEventList
 .text.vTaskInternalSetTimeOutState
                0x0000000000001b4c       0x18 _build/nrf52840_xxaa/tasks.c.o
                0x0000000000001b4c                vTaskInternalSetTimeOutState
 .text.xTaskCheckForTimeOut
                0x0000000000001b64       0x70 _build/nrf52840_xxaa/tasks.c.o
                0x0000000000001b64                xTaskCheckForTimeOut
 .text.vTaskMissedYield
                0x0000000000001bd4        0xc _build/nrf52840_xxaa/tasks.c.o
                0x0000000000001bd4                vTaskMissedYield
 .text.eTaskConfirmSleepModeStatus
                0x0000000000001be0       0x34 _build/nrf52840_xxaa/tasks.c.o
                0x0000000000001be0                eTaskConfirmSleepModeStatus
 .text.xTaskGetSchedulerState
                0x0000000000001c14       0x20 _build/nrf52840_xxaa/tasks.c.o
                0x0000000000001c14                xTaskGetSchedulerState
 .text.xTaskPriorityDisinherit
                0x0000000000001c34       0x84 _build/nrf52840_xxaa/tasks.c.o
                0x0000000000001c34                xTaskPriorityDisinherit
 .text.prvTimerTask
                0x0000000000001cb8      0x2dc _build/nrf52840_xxaa/timers.c.o
 .text.xTimerCreateTimerTask
                0x0000000000001f94       0x84 _build/nrf52840_xxaa/timers.c.o
                0x0000000000001f94                xTimerCreateTimerTask
 .text.xTimerCreate
                0x0000000000002018       0x9c _build/nrf52840_xxaa/timers.c.o
                0x0000000000002018                xTimerCreate
 .text.xTimerGenericCommand
                0x00000000000020b4       0x58 _build/nrf52840_xxaa/timers.c.o
                0x00000000000020b4                xTimerGenericCommand
 .text.xTimerIsTimerActive
                0x000000000000210c       0x18 _build/nrf52840_xxaa/timers.c.o
                0x000000000000210c                xTimerIsTimerActive
 .text.pvTimerGetTimerID
                0x0000000000002124       0x14 _build/nrf52840_xxaa/timers.c.o
                0x0000000000002124                pvTimerGetTimerID
 .text.gpiote_event_handler
                0x0000000000002138       0x80 _build/nrf52840_xxaa/app_button.c.o
 .text.detection_delay_timeout_handler
                0x00000000000021b8      0x27c _build/nrf52840_xxaa/app_button.c.o
 .text.app_button_init
                0x0000000000002434       0xb8 _build/nrf52840_xxaa/app_button.c.o
                0x0000000000002434                app_button_init
 .text.app_button_enable
                0x00000000000024ec       0x2c _build/nrf52840_xxaa/app_button.c.o
                0x00000000000024ec                app_button_enable
 .text.app_error_handler_bare
                0x0000000000002518       0x20 _build/nrf52840_xxaa/app_error.c.o
                0x0000000000002518                app_error_handler_bare
 .text.app_error_fault_handler
                0x0000000000002538       0x34 _build/nrf52840_xxaa/app_error_weak.c.o
                0x0000000000002538                app_error_fault_handler
 .text.app_timer_callback
                0x000000000000256c       0x20 _build/nrf52840_xxaa/app_timer_freertos.c.o
 .text.app_timer_init
                0x000000000000258c        0x4 _build/nrf52840_xxaa/app_timer_freertos.c.o
                0x000000000000258c                app_timer_init
 .text.app_timer_create
                0x0000000000002590       0x64 _build/nrf52840_xxaa/app_timer_freertos.c.o
                0x0000000000002590                app_timer_create
 .text.app_timer_start
                0x00000000000025f4       0xc4 _build/nrf52840_xxaa/app_timer_freertos.c.o
                0x00000000000025f4                app_timer_start
 .text.app_timer_stop
                0x00000000000026b8       0x68 _build/nrf52840_xxaa/app_timer_freertos.c.o
                0x00000000000026b8                app_timer_stop
 .text.app_util_critical_region_enter
                0x0000000000002720       0x10 _build/nrf52840_xxaa/app_util_platform.c.o
                0x0000000000002720                app_util_critical_region_enter
 .text.app_util_critical_region_exit
                0x0000000000002730       0x14 _build/nrf52840_xxaa/app_util_platform.c.o
                0x0000000000002730                app_util_critical_region_exit
 .text.clock_irq_handler
                0x0000000000002744       0x44 _build/nrf52840_xxaa/nrf_drv_clock.c.o
 .text.nrf_drv_clock_init
                0x0000000000002788       0x34 _build/nrf52840_xxaa/nrf_drv_clock.c.o
                0x0000000000002788                nrf_drv_clock_init
 .text.nrf_drv_clock_lfclk_request
                0x00000000000027bc       0x5c _build/nrf52840_xxaa/nrf_drv_clock.c.o
                0x00000000000027bc                nrf_drv_clock_lfclk_request
 .text.nrfx_clock_init
                0x0000000000002818       0x1c _build/nrf52840_xxaa/nrfx_clock.c.o
                0x0000000000002818                nrfx_clock_init
 .text.nrfx_clock_enable
                0x0000000000002834       0x24 _build/nrf52840_xxaa/nrfx_clock.c.o
                0x0000000000002834                nrfx_clock_enable
 .text.nrfx_clock_lfclk_start
                0x0000000000002858       0x30 _build/nrf52840_xxaa/nrfx_clock.c.o
                0x0000000000002858                nrfx_clock_lfclk_start
 .text.POWER_CLOCK_IRQHandler
                0x0000000000002888       0x64 _build/nrf52840_xxaa/nrfx_clock.c.o
                0x0000000000002888                POWER_CLOCK_IRQHandler
 .text.nrfx_gpiote_init
                0x00000000000028ec       0x94 _build/nrf52840_xxaa/nrfx_gpiote.c.o
                0x00000000000028ec                nrfx_gpiote_init
 .text.nrfx_gpiote_is_init
                0x0000000000002980       0x14 _build/nrf52840_xxaa/nrfx_gpiote.c.o
                0x0000000000002980                nrfx_gpiote_is_init
 .text.nrfx_gpiote_in_init
                0x0000000000002994      0x1e0 _build/nrf52840_xxaa/nrfx_gpiote.c.o
                0x0000000000002994                nrfx_gpiote_in_init
 .text.nrfx_gpiote_in_event_enable
                0x0000000000002b74       0xf8 _build/nrf52840_xxaa/nrfx_gpiote.c.o
                0x0000000000002b74                nrfx_gpiote_in_event_enable
 .text.nrfx_gpiote_in_is_set
                0x0000000000002c6c       0x20 _build/nrf52840_xxaa/nrfx_gpiote.c.o
                0x0000000000002c6c                nrfx_gpiote_in_is_set
 .text.GPIOTE_IRQHandler
                0x0000000000002c8c      0x568 _build/nrf52840_xxaa/nrfx_gpiote.c.o
                0x0000000000002c8c                GPIOTE_IRQHandler
 .text.alert_timer_handler
                0x00000000000031f4        0x8 _build/nrf52840_xxaa/bsp.c.o
 .text.bsp_button_event_handler
                0x00000000000031fc       0xa0 _build/nrf52840_xxaa/bsp.c.o
 .text.button_timer_handler
                0x000000000000329c       0x30 _build/nrf52840_xxaa/bsp.c.o
 .text.leds_timer_handler
                0x00000000000032cc      0x2d8 _build/nrf52840_xxaa/bsp.c.o
 .text.bsp_init
                0x00000000000035a4       0xb8 _build/nrf52840_xxaa/bsp.c.o
                0x00000000000035a4                bsp_init
 .text.task_dbg_led_1
                0x000000000000365c       0x14 _build/nrf52840_xxaa/main.c.o
                0x000000000000365c                task_dbg_led_1
 .text.task_dbg_led_2
                0x0000000000003670       0x14 _build/nrf52840_xxaa/main.c.o
                0x0000000000003670                task_dbg_led_2
 .text.bsp_evt_handler
                0x0000000000003684       0x8c _build/nrf52840_xxaa/main.c.o
 .text.bsp_configuration
                0x0000000000003710       0x24 _build/nrf52840_xxaa/main.c.o
                0x0000000000003710                bsp_configuration
 .text.startup.main
                0x0000000000003734       0x60 _build/nrf52840_xxaa/main.c.o
                0x0000000000003734                main
 .text.SystemInit
                0x0000000000003794      0x1c4 _build/nrf52840_xxaa/system_nrf52840.c.o
                0x0000000000003794                SystemInit
 .text.exit     0x0000000000003958       0x28 /usr/local/gcc-arm-none-eabi-7-2018-q2-update/bin/../lib/gcc/arm-none-eabi/7.3.1/../../../../arm-none-eabi/lib/thumb/v7e-m/fpv4-sp/hard/libc_nano.a(lib_a-exit.o)
                0x0000000000003958                exit
 .text.__libc_init_array
                0x0000000000003980       0x48 /usr/local/gcc-arm-none-eabi-7-2018-q2-update/bin/../lib/gcc/arm-none-eabi/7.3.1/../../../../arm-none-eabi/lib/thumb/v7e-m/fpv4-sp/hard/libc_nano.a(lib_a-init.o)
                0x0000000000003980                __libc_init_array
 .text.memcpy   0x00000000000039c8       0x16 /usr/local/gcc-arm-none-eabi-7-2018-q2-update/bin/../lib/gcc/arm-none-eabi/7.3.1/../../../../arm-none-eabi/lib/thumb/v7e-m/fpv4-sp/hard/libc_nano.a(lib_a-memcpy-stub.o)
                0x00000000000039c8                memcpy
 .text.memset   0x00000000000039de       0x10 /usr/local/gcc-arm-none-eabi-7-2018-q2-update/bin/../lib/gcc/arm-none-eabi/7.3.1/../../../../arm-none-eabi/lib/thumb/v7e-m/fpv4-sp/hard/libc_nano.a(lib_a-memset.o)
                0x00000000000039de                memset
 *fill*         0x00000000000039ee        0x2 
 .text._exit    0x00000000000039f0        0x4 /usr/local/gcc-arm-none-eabi-7-2018-q2-update/bin/../lib/gcc/arm-none-eabi/7.3.1/../../../../arm-none-eabi/lib/thumb/v7e-m/fpv4-sp/hard/libnosys.a(_exit.o)
                0x00000000000039f0                _exit
 *(.init)
 .init          0x00000000000039f4        0x4 /usr/local/gcc-arm-none-eabi-7-2018-q2-update/bin/../lib/gcc/arm-none-eabi/7.3.1/thumb/v7e-m/fpv4-sp/hard/crti.o
                0x00000000000039f4                _init
 .init          0x00000000000039f8        0x8 /usr/local/gcc-arm-none-eabi-7-2018-q2-update/bin/../lib/gcc/arm-none-eabi/7.3.1/thumb/v7e-m/fpv4-sp/hard/crtn.o
 *(.fini)
 .fini          0x0000000000003a00        0x4 /usr/local/gcc-arm-none-eabi-7-2018-q2-update/bin/../lib/gcc/arm-none-eabi/7.3.1/thumb/v7e-m/fpv4-sp/hard/crti.o
                0x0000000000003a00                _fini
 .fini          0x0000000000003a04        0x8 /usr/local/gcc-arm-none-eabi-7-2018-q2-update/bin/../lib/gcc/arm-none-eabi/7.3.1/thumb/v7e-m/fpv4-sp/hard/crtn.o
 *crtbegin.o(.ctors)
 *crtbegin?.o(.ctors)
 *(EXCLUDE_FILE(*crtend.o *crtend?.o) .ctors)
 *(SORT_BY_NAME(.ctors.*))
 *(.ctors)
 *crtbegin.o(.dtors)
 *crtbegin?.o(.dtors)
 *(EXCLUDE_FILE(*crtend.o *crtend?.o) .dtors)
 *(SORT_BY_NAME(.dtors.*))
 *(.dtors)
 *(.rodata*)
 .rodata.m_board_led_list
                0x0000000000003a0c        0x4 _build/nrf52840_xxaa/boards.c.o
 .rodata.xTimerCreateTimerTask.str1.4
                0x0000000000003a10       0x10 _build/nrf52840_xxaa/timers.c.o
 .rodata.m_detection_delay_timer_id
                0x0000000000003a20        0x4 _build/nrf52840_xxaa/app_button.c.o
 .rodata.app_timer_create.str1.4
                0x0000000000003a24        0x2 _build/nrf52840_xxaa/app_timer_freertos.c.o
 *fill*         0x0000000000003a26        0x2 
 .rodata.app_buttons
                0x0000000000003a28       0x20 _build/nrf52840_xxaa/bsp.c.o
 .rodata.m_bsp_alert_tmr
                0x0000000000003a48        0x4 _build/nrf52840_xxaa/bsp.c.o
 .rodata.m_bsp_button_tmr
                0x0000000000003a4c        0x4 _build/nrf52840_xxaa/bsp.c.o
 .rodata.m_bsp_leds_tmr
                0x0000000000003a50        0x4 _build/nrf52840_xxaa/bsp.c.o
 .rodata.bsp_evt_handler.str1.4
                0x0000000000003a54       0x10 _build/nrf52840_xxaa/main.c.o
                                          0xd (size before relaxing)
 .rodata._global_impure_ptr
                0x0000000000003a64        0x4 /usr/local/gcc-arm-none-eabi-7-2018-q2-update/bin/../lib/gcc/arm-none-eabi/7.3.1/../../../../arm-none-eabi/lib/thumb/v7e-m/fpv4-sp/hard/libc_nano.a(lib_a-impure.o)
                0x0000000000003a64                _global_impure_ptr
 *(.eh_frame*)
 .eh_frame      0x0000000000003a68        0x0 /usr/local/gcc-arm-none-eabi-7-2018-q2-update/bin/../lib/gcc/arm-none-eabi/7.3.1/thumb/v7e-m/fpv4-sp/hard/crtbegin.o
 .eh_frame      0x0000000000003a68        0x4 /usr/local/gcc-arm-none-eabi-7-2018-q2-update/bin/../lib/gcc/arm-none-eabi/7.3.1/thumb/v7e-m/fpv4-sp/hard/crtend.o

.glue_7         0x0000000000003a6c        0x0
 .glue_7        0x0000000000003a6c        0x0 linker stubs

.glue_7t        0x0000000000003a6c        0x0
 .glue_7t       0x0000000000003a6c        0x0 linker stubs

.vfp11_veneer   0x0000000000003a6c        0x0
 .vfp11_veneer  0x0000000000003a6c        0x0 linker stubs

.v4_bx          0x0000000000003a6c        0x0
 .v4_bx         0x0000000000003a6c        0x0 linker stubs

.iplt           0x0000000000003a6c        0x0
 .iplt          0x0000000000003a6c        0x0 /usr/local/gcc-arm-none-eabi-7-2018-q2-update/bin/../lib/gcc/arm-none-eabi/7.3.1/thumb/v7e-m/fpv4-sp/hard/crtbegin.o

.mem_section_dummy_rom

.log_const_data
                0x0000000000003a6c        0x0
                [!provide]                        PROVIDE (__start_log_const_data = .)
 *(SORT_BY_NAME(.log_const_data*))
                [!provide]                        PROVIDE (__stop_log_const_data = .)

.log_backends   0x0000000000003a6c        0x0
                [!provide]                        PROVIDE (__start_log_backends = .)
 *(SORT_BY_NAME(.log_backends*))
                [!provide]                        PROVIDE (__stop_log_backends = .)

.nrf_balloc     0x0000000000003a6c        0x0
                [!provide]                        PROVIDE (__start_nrf_balloc = .)
 *(.nrf_balloc)
                [!provide]                        PROVIDE (__stop_nrf_balloc = .)

.ARM.extab
 *(.ARM.extab* .gnu.linkonce.armextab.*)
                0x0000000000003a6c                __exidx_start = .

.ARM.exidx      0x0000000000003a6c        0x8
 *(.ARM.exidx* .gnu.linkonce.armexidx.*)
 .ARM.exidx     0x0000000000003a6c        0x8 /usr/local/gcc-arm-none-eabi-7-2018-q2-update/bin/../lib/gcc/arm-none-eabi/7.3.1/../../../../arm-none-eabi/lib/thumb/v7e-m/fpv4-sp/hard/crt0.o
                0x0000000000003a74                __exidx_end = .
                0x0000000000003a74                __etext = .

.rel.dyn        0x0000000000003a74        0x0
 .rel.iplt      0x0000000000003a74        0x0 /usr/local/gcc-arm-none-eabi-7-2018-q2-update/bin/../lib/gcc/arm-none-eabi/7.3.1/thumb/v7e-m/fpv4-sp/hard/crtbegin.o

.data           0x0000000020000000       0x6c load address 0x0000000000003a74
                0x0000000020000000                __data_start__ = .
 *(vtable)
 *(.data*)
 .data.SystemCoreClock
                0x0000000020000000        0x4 _build/nrf52840_xxaa/system_nrf52840.c.o
                0x0000000020000000                SystemCoreClock
 .data.impure_data
                0x0000000020000004       0x60 /usr/local/gcc-arm-none-eabi-7-2018-q2-update/bin/../lib/gcc/arm-none-eabi/7.3.1/../../../../arm-none-eabi/lib/thumb/v7e-m/fpv4-sp/hard/libc_nano.a(lib_a-impure.o)
                0x0000000020000064                . = ALIGN (0x4)
                0x0000000020000064                PROVIDE (__preinit_array_start = .)
 *(.preinit_array)
                0x0000000020000064                PROVIDE (__preinit_array_end = .)
                0x0000000020000064                . = ALIGN (0x4)
                0x0000000020000064                PROVIDE (__init_array_start = .)
 *(SORT_BY_NAME(.init_array.*))
 *(.init_array)
 .init_array    0x0000000020000064        0x4 /usr/local/gcc-arm-none-eabi-7-2018-q2-update/bin/../lib/gcc/arm-none-eabi/7.3.1/thumb/v7e-m/fpv4-sp/hard/crtbegin.o
                0x0000000020000068                PROVIDE (__init_array_end = .)
                0x0000000020000068                . = ALIGN (0x4)
                [!provide]                        PROVIDE (__fini_array_start = .)
 *(SORT_BY_NAME(.fini_array.*))
 *(.fini_array)
 .fini_array    0x0000000020000068        0x4 /usr/local/gcc-arm-none-eabi-7-2018-q2-update/bin/../lib/gcc/arm-none-eabi/7.3.1/thumb/v7e-m/fpv4-sp/hard/crtbegin.o
                [!provide]                        PROVIDE (__fini_array_end = .)
 *(.jcr*)
                0x000000002000006c                . = ALIGN (0x4)
                0x000000002000006c                __data_end__ = .
LOAD /usr/local/gcc-arm-none-eabi-7-2018-q2-update/bin/../lib/gcc/arm-none-eabi/7.3.1/thumb/v7e-m/fpv4-sp/hard/crti.o
LOAD /usr/local/gcc-arm-none-eabi-7-2018-q2-update/bin/../lib/gcc/arm-none-eabi/7.3.1/thumb/v7e-m/fpv4-sp/hard/crtbegin.o
LOAD /usr/local/gcc-arm-none-eabi-7-2018-q2-update/bin/../lib/gcc/arm-none-eabi/7.3.1/../../../../arm-none-eabi/lib/thumb/v7e-m/fpv4-sp/hard/crt0.o
LOAD _build/nrf52840_xxaa/gcc_startup_nrf52840.S.o
LOAD _build/nrf52840_xxaa/nrf_log_frontend.c.o
LOAD _build/nrf52840_xxaa/nrf_log_str_formatter.c.o
LOAD _build/nrf52840_xxaa/boards.c.o
LOAD _build/nrf52840_xxaa/croutine.c.o
LOAD _build/nrf52840_xxaa/event_groups.c.o
LOAD _build/nrf52840_xxaa/heap_1.c.o
LOAD _build/nrf52840_xxaa/list.c.o
LOAD _build/nrf52840_xxaa/port.c.o
LOAD _build/nrf52840_xxaa/port_cmsis.c.o
LOAD _build/nrf52840_xxaa/port_cmsis_systick.c.o
LOAD _build/nrf52840_xxaa/queue.c.o
LOAD _build/nrf52840_xxaa/stream_buffer.c.o
LOAD _build/nrf52840_xxaa/tasks.c.o
LOAD _build/nrf52840_xxaa/timers.c.o
LOAD _build/nrf52840_xxaa/app_button.c.o
LOAD _build/nrf52840_xxaa/app_error.c.o
LOAD _build/nrf52840_xxaa/app_error_handler_gcc.c.o
LOAD _build/nrf52840_xxaa/app_error_weak.c.o
LOAD _build/nrf52840_xxaa/app_timer_freertos.c.o
LOAD _build/nrf52840_xxaa/app_util_platform.c.o
LOAD _build/nrf52840_xxaa/nrf_assert.c.o
LOAD _build/nrf52840_xxaa/nrf_atfifo.c.o
LOAD _build/nrf52840_xxaa/nrf_atomic.c.o
LOAD _build/nrf52840_xxaa/nrf_balloc.c.o
LOAD _build/nrf52840_xxaa/nrf_fprintf.c.o
LOAD _build/nrf52840_xxaa/nrf_fprintf_format.c.o
LOAD _build/nrf52840_xxaa/nrf_memobj.c.o
LOAD _build/nrf52840_xxaa/nrf_ringbuf.c.o
LOAD _build/nrf52840_xxaa/nrf_strerror.c.o
LOAD _build/nrf52840_xxaa/nrf_sortlist.c.o
LOAD _build/nrf52840_xxaa/nrf_nvic.c.o
LOAD _build/nrf52840_xxaa/nrf_soc.c.o
LOAD _build/nrf52840_xxaa/nrf_drv_clock.c.o
LOAD _build/nrf52840_xxaa/nrfx_atomic.c.o
LOAD _build/nrf52840_xxaa/nrfx_clock.c.o
LOAD _build/nrf52840_xxaa/nrfx_gpiote.c.o
LOAD _build/nrf52840_xxaa/bsp.c.o
LOAD _build/nrf52840_xxaa/main.c.o
LOAD _build/nrf52840_xxaa/system_nrf52840.c.o
LOAD /usr/local/gcc-arm-none-eabi-7-2018-q2-update/bin/../lib/gcc/arm-none-eabi/7.3.1/../../../../arm-none-eabi/lib/thumb/v7e-m/fpv4-sp/hard/libc_nano.a
LOAD /usr/local/gcc-arm-none-eabi-7-2018-q2-update/bin/../lib/gcc/arm-none-eabi/7.3.1/../../../../arm-none-eabi/lib/thumb/v7e-m/fpv4-sp/hard/libnosys.a
LOAD /usr/local/gcc-arm-none-eabi-7-2018-q2-update/bin/../lib/gcc/arm-none-eabi/7.3.1/../../../../arm-none-eabi/lib/thumb/v7e-m/fpv4-sp/hard/libm.a
START GROUP
LOAD /usr/local/gcc-arm-none-eabi-7-2018-q2-update/bin/../lib/gcc/arm-none-eabi/7.3.1/thumb/v7e-m/fpv4-sp/hard/libgcc.a
LOAD /usr/local/gcc-arm-none-eabi-7-2018-q2-update/bin/../lib/gcc/arm-none-eabi/7.3.1/../../../../arm-none-eabi/lib/thumb/v7e-m/fpv4-sp/hard/libg_nano.a
LOAD /usr/local/gcc-arm-none-eabi-7-2018-q2-update/bin/../lib/gcc/arm-none-eabi/7.3.1/../../../../arm-none-eabi/lib/thumb/v7e-m/fpv4-sp/hard/libc_nano.a
END GROUP
START GROUP
LOAD /usr/local/gcc-arm-none-eabi-7-2018-q2-update/bin/../lib/gcc/arm-none-eabi/7.3.1/thumb/v7e-m/fpv4-sp/hard/libgcc.a
LOAD /usr/local/gcc-arm-none-eabi-7-2018-q2-update/bin/../lib/gcc/arm-none-eabi/7.3.1/../../../../arm-none-eabi/lib/thumb/v7e-m/fpv4-sp/hard/libc_nano.a
END GROUP
LOAD /usr/local/gcc-arm-none-eabi-7-2018-q2-update/bin/../lib/gcc/arm-none-eabi/7.3.1/thumb/v7e-m/fpv4-sp/hard/crtend.o
LOAD /usr/local/gcc-arm-none-eabi-7-2018-q2-update/bin/../lib/gcc/arm-none-eabi/7.3.1/thumb/v7e-m/fpv4-sp/hard/crtn.o
START GROUP
LOAD /usr/local/gcc-arm-none-eabi-7-2018-q2-update/bin/../lib/gcc/arm-none-eabi/7.3.1/thumb/v7e-m/fpv4-sp/hard/libgcc.a
LOAD /usr/local/gcc-arm-none-eabi-7-2018-q2-update/bin/../lib/gcc/arm-none-eabi/7.3.1/../../../../arm-none-eabi/lib/thumb/v7e-m/fpv4-sp/hard/libc.a
LOAD /usr/local/gcc-arm-none-eabi-7-2018-q2-update/bin/../lib/gcc/arm-none-eabi/7.3.1/../../../../arm-none-eabi/lib/thumb/v7e-m/fpv4-sp/hard/libnosys.a
END GROUP

.igot.plt       0x000000002000006c        0x0 load address 0x0000000000003ae0
 .igot.plt      0x000000002000006c        0x0 /usr/local/gcc-arm-none-eabi-7-2018-q2-update/bin/../lib/gcc/arm-none-eabi/7.3.1/thumb/v7e-m/fpv4-sp/hard/crtbegin.o
                0x000000002000006c                . = ALIGN (0x4)

.mem_section_dummy_ram

.log_dynamic_data
                0x000000002000006c        0x0
                [!provide]                        PROVIDE (__start_log_dynamic_data = .)
 *(SORT_BY_NAME(.log_dynamic_data*))
                [!provide]                        PROVIDE (__stop_log_dynamic_data = .)

.log_filter_data
                0x000000002000006c        0x0
                [!provide]                        PROVIDE (__start_log_filter_data = .)
 *(SORT_BY_NAME(.log_filter_data*))
                [!provide]                        PROVIDE (__stop_log_filter_data = .)

.bss            0x0000000020000070     0x12bc load address 0x0000000000003ae8
                0x0000000020000070                . = ALIGN (0x4)
                0x0000000020000070                __bss_start__ = .
 *(.bss*)
 .bss           0x0000000020000070       0x1c /usr/local/gcc-arm-none-eabi-7-2018-q2-update/bin/../lib/gcc/arm-none-eabi/7.3.1/thumb/v7e-m/fpv4-sp/hard/crtbegin.o
 .bss.pucAlignedHeap.8706
                0x000000002000008c        0x4 _build/nrf52840_xxaa/heap_1.c.o
 .bss.ucHeap    0x0000000020000090     0x1000 _build/nrf52840_xxaa/heap_1.c.o
 .bss.xNextFreeByte
                0x0000000020001090        0x4 _build/nrf52840_xxaa/heap_1.c.o
 .bss.uxCriticalNesting
                0x0000000020001094        0x4 _build/nrf52840_xxaa/port_cmsis.c.o
 .bss.pxCurrentTCB
                0x0000000020001098        0x4 _build/nrf52840_xxaa/tasks.c.o
                0x0000000020001098                pxCurrentTCB
 .bss.pxDelayedTaskList
                0x000000002000109c        0x4 _build/nrf52840_xxaa/tasks.c.o
 .bss.pxOverflowDelayedTaskList
                0x00000000200010a0        0x4 _build/nrf52840_xxaa/tasks.c.o
 .bss.pxReadyTasksLists
                0x00000000200010a4       0x3c _build/nrf52840_xxaa/tasks.c.o
 .bss.uxCurrentNumberOfTasks
                0x00000000200010e0        0x4 _build/nrf52840_xxaa/tasks.c.o
 .bss.uxDeletedTasksWaitingCleanUp
                0x00000000200010e4        0x4 _build/nrf52840_xxaa/tasks.c.o
 .bss.uxPendedTicks
                0x00000000200010e8        0x4 _build/nrf52840_xxaa/tasks.c.o
 .bss.uxSchedulerSuspended
                0x00000000200010ec        0x4 _build/nrf52840_xxaa/tasks.c.o
 .bss.uxTaskNumber
                0x00000000200010f0        0x4 _build/nrf52840_xxaa/tasks.c.o
 .bss.uxTopReadyPriority
                0x00000000200010f4        0x4 _build/nrf52840_xxaa/tasks.c.o
 .bss.xDelayedTaskList1
                0x00000000200010f8       0x14 _build/nrf52840_xxaa/tasks.c.o
 .bss.xDelayedTaskList2
                0x000000002000110c       0x14 _build/nrf52840_xxaa/tasks.c.o
 .bss.xIdleTaskHandle
                0x0000000020001120        0x4 _build/nrf52840_xxaa/tasks.c.o
 .bss.xNextTaskUnblockTime
                0x0000000020001124        0x4 _build/nrf52840_xxaa/tasks.c.o
 .bss.xNumOfOverflows
                0x0000000020001128        0x4 _build/nrf52840_xxaa/tasks.c.o
 .bss.xPendingReadyList
                0x000000002000112c       0x14 _build/nrf52840_xxaa/tasks.c.o
 .bss.xSchedulerRunning
                0x0000000020001140        0x4 _build/nrf52840_xxaa/tasks.c.o
 .bss.xSuspendedTaskList
                0x0000000020001144       0x14 _build/nrf52840_xxaa/tasks.c.o
 .bss.xTasksWaitingTermination
                0x0000000020001158       0x14 _build/nrf52840_xxaa/tasks.c.o
 .bss.xTickCount
                0x000000002000116c        0x4 _build/nrf52840_xxaa/tasks.c.o
 .bss.xYieldPending
                0x0000000020001170        0x4 _build/nrf52840_xxaa/tasks.c.o
 .bss.pxCurrentTimerList
                0x0000000020001174        0x4 _build/nrf52840_xxaa/timers.c.o
 .bss.pxOverflowTimerList
                0x0000000020001178        0x4 _build/nrf52840_xxaa/timers.c.o
 .bss.xActiveTimerList1
                0x000000002000117c       0x14 _build/nrf52840_xxaa/timers.c.o
 .bss.xActiveTimerList2
                0x0000000020001190       0x14 _build/nrf52840_xxaa/timers.c.o
 .bss.xLastTime.8998
                0x00000000200011a4        0x4 _build/nrf52840_xxaa/timers.c.o
 .bss.xTimerQueue
                0x00000000200011a8        0x4 _build/nrf52840_xxaa/timers.c.o
 .bss.xTimerTaskHandle
                0x00000000200011ac        0x4 _build/nrf52840_xxaa/timers.c.o
 .bss.m_button_count
                0x00000000200011b0        0x1 _build/nrf52840_xxaa/app_button.c.o
 *fill*         0x00000000200011b1        0x3 
 .bss.m_detection_delay
                0x00000000200011b4        0x4 _build/nrf52840_xxaa/app_button.c.o
 .bss.m_detection_delay_timer_id_data
                0x00000000200011b8       0x20 _build/nrf52840_xxaa/app_button.c.o
 .bss.m_pin_active
                0x00000000200011d8        0x8 _build/nrf52840_xxaa/app_button.c.o
 .bss.m_pin_states
                0x00000000200011e0       0x20 _build/nrf52840_xxaa/app_button.c.o
 .bss.mp_buttons
                0x0000000020001200        0x4 _build/nrf52840_xxaa/app_button.c.o
 .bss.m_in_critical_region
                0x0000000020001204        0x4 _build/nrf52840_xxaa/app_util_platform.c.o
 .bss.m_clock_cb
                0x0000000020001208       0x14 _build/nrf52840_xxaa/nrf_drv_clock.c.o
 .bss.m_clock_cb
                0x000000002000121c        0x8 _build/nrf52840_xxaa/nrfx_clock.c.o
 .bss.m_cb      0x0000000020001224       0x6c _build/nrf52840_xxaa/nrfx_gpiote.c.o
 .bss.current_long_push_pin_no.8700
                0x0000000020001290        0x1 _build/nrf52840_xxaa/bsp.c.o
 .bss.m_alert_on
                0x0000000020001291        0x1 _build/nrf52840_xxaa/bsp.c.o
 *fill*         0x0000000020001292        0x2 
 .bss.m_bsp_alert_tmr_data
                0x0000000020001294       0x20 _build/nrf52840_xxaa/bsp.c.o
 .bss.m_bsp_button_tmr_data
                0x00000000200012b4       0x20 _build/nrf52840_xxaa/bsp.c.o
 .bss.m_bsp_leds_tmr_data
                0x00000000200012d4       0x20 _build/nrf52840_xxaa/bsp.c.o
 .bss.m_events_list
                0x00000000200012f4        0xc _build/nrf52840_xxaa/bsp.c.o
 .bss.m_indication_type
                0x0000000020001300        0x4 _build/nrf52840_xxaa/bsp.c.o
 .bss.m_leds_clear
                0x0000000020001304        0x1 _build/nrf52840_xxaa/bsp.c.o
 *fill*         0x0000000020001305        0x3 
 .bss.m_registered_callback
                0x0000000020001308        0x4 _build/nrf52840_xxaa/bsp.c.o
 .bss.m_stable_state
                0x000000002000130c        0x1 _build/nrf52840_xxaa/bsp.c.o
 *fill*         0x000000002000130d        0x3 
 .bss.release_event_at_push.8701
                0x0000000020001310        0x4 _build/nrf52840_xxaa/bsp.c.o
 .bss.g_dbg_led_task_handle_1
                0x0000000020001314        0x4 _build/nrf52840_xxaa/main.c.o
 .bss.g_dbg_led_task_handle_2
                0x0000000020001318        0x4 _build/nrf52840_xxaa/main.c.o
 *(COMMON)
 COMMON         0x000000002000131c       0x10 _build/nrf52840_xxaa/queue.c.o
                0x000000002000131c                xQueueRegistry
                0x000000002000132c                . = ALIGN (0x4)
                0x000000002000132c                __bss_end__ = .

.heap           0x0000000020001330     0x2000
                0x0000000020001330                __HeapBase = .
                0x0000000020001330                __end__ = .
                [!provide]                        PROVIDE (end = .)
 *(.heap*)
 .heap          0x0000000020001330     0x2000 _build/nrf52840_xxaa/gcc_startup_nrf52840.S.o
                0x0000000020003330                __HeapLimit = .

.stack_dummy    0x0000000020001330     0x2000
 *(.stack*)
 .stack         0x0000000020001330     0x2000 _build/nrf52840_xxaa/gcc_startup_nrf52840.S.o
                0x0000000020040000                __StackTop = (ORIGIN (RAM) + LENGTH (RAM))
                0x000000002003e000                __StackLimit = (__StackTop - SIZEOF (.stack_dummy))
                0x0000000020040000                PROVIDE (__stack = __StackTop)
                0x0000000000000001                ASSERT ((__StackLimit >= __HeapLimit), region RAM overflowed with stack)
                0x0000000000000070                DataInitFlashUsed = (__bss_start__ - __data_start__)
                0x0000000000003a74                CodeFlashUsed = (__etext - ORIGIN (FLASH))
                0x0000000000003ae4                TotalFlashUsed = (CodeFlashUsed + DataInitFlashUsed)
                0x0000000000000001                ASSERT ((TotalFlashUsed <= LENGTH (FLASH)), region FLASH overflowed with .data and user data)
OUTPUT(_build/nrf52840_xxaa.out elf32-littlearm)

.ARM.attributes
                0x0000000000000000       0x30
 .ARM.attributes
                0x0000000000000000       0x22 /usr/local/gcc-arm-none-eabi-7-2018-q2-update/bin/../lib/gcc/arm-none-eabi/7.3.1/thumb/v7e-m/fpv4-sp/hard/crti.o
 .ARM.attributes
                0x0000000000000022       0x34 /usr/local/gcc-arm-none-eabi-7-2018-q2-update/bin/../lib/gcc/arm-none-eabi/7.3.1/thumb/v7e-m/fpv4-sp/hard/crtbegin.o
 .ARM.attributes
                0x0000000000000056       0x20 /usr/local/gcc-arm-none-eabi-7-2018-q2-update/bin/../lib/gcc/arm-none-eabi/7.3.1/../../../../arm-none-eabi/lib/thumb/v7e-m/fpv4-sp/hard/crt0.o
 .ARM.attributes
                0x0000000000000076       0x20 _build/nrf52840_xxaa/gcc_startup_nrf52840.S.o
 .ARM.attributes
                0x0000000000000096       0x39 _build/nrf52840_xxaa/boards.c.o
 .ARM.attributes
                0x00000000000000cf       0x39 _build/nrf52840_xxaa/heap_1.c.o
 .ARM.attributes
                0x0000000000000108       0x39 _build/nrf52840_xxaa/list.c.o
 .ARM.attributes
                0x0000000000000141       0x39 _build/nrf52840_xxaa/port.c.o
 .ARM.attributes
                0x000000000000017a       0x39 _build/nrf52840_xxaa/port_cmsis.c.o
 .ARM.attributes
                0x00000000000001b3       0x39 _build/nrf52840_xxaa/port_cmsis_systick.c.o
 .ARM.attributes
                0x00000000000001ec       0x39 _build/nrf52840_xxaa/queue.c.o
 .ARM.attributes
                0x0000000000000225       0x39 _build/nrf52840_xxaa/tasks.c.o
 .ARM.attributes
                0x000000000000025e       0x39 _build/nrf52840_xxaa/timers.c.o
 .ARM.attributes
                0x0000000000000297       0x39 _build/nrf52840_xxaa/app_button.c.o
 .ARM.attributes
                0x00000000000002d0       0x39 _build/nrf52840_xxaa/app_error.c.o
 .ARM.attributes
                0x0000000000000309       0x39 _build/nrf52840_xxaa/app_error_weak.c.o
 .ARM.attributes
                0x0000000000000342       0x39 _build/nrf52840_xxaa/app_timer_freertos.c.o
 .ARM.attributes
                0x000000000000037b       0x39 _build/nrf52840_xxaa/app_util_platform.c.o
 .ARM.attributes
                0x00000000000003b4       0x39 _build/nrf52840_xxaa/nrf_drv_clock.c.o
 .ARM.attributes
                0x00000000000003ed       0x39 _build/nrf52840_xxaa/nrfx_clock.c.o
 .ARM.attributes
                0x0000000000000426       0x39 _build/nrf52840_xxaa/nrfx_gpiote.c.o
 .ARM.attributes
                0x000000000000045f       0x39 _build/nrf52840_xxaa/bsp.c.o
 .ARM.attributes
                0x0000000000000498       0x39 _build/nrf52840_xxaa/main.c.o
 .ARM.attributes
                0x00000000000004d1       0x39 _build/nrf52840_xxaa/system_nrf52840.c.o
 .ARM.attributes
                0x000000000000050a       0x34 /usr/local/gcc-arm-none-eabi-7-2018-q2-update/bin/../lib/gcc/arm-none-eabi/7.3.1/../../../../arm-none-eabi/lib/thumb/v7e-m/fpv4-sp/hard/libc_nano.a(lib_a-exit.o)
 .ARM.attributes
                0x000000000000053e       0x34 /usr/local/gcc-arm-none-eabi-7-2018-q2-update/bin/../lib/gcc/arm-none-eabi/7.3.1/../../../../arm-none-eabi/lib/thumb/v7e-m/fpv4-sp/hard/libc_nano.a(lib_a-impure.o)
 .ARM.attributes
                0x0000000000000572       0x34 /usr/local/gcc-arm-none-eabi-7-2018-q2-update/bin/../lib/gcc/arm-none-eabi/7.3.1/../../../../arm-none-eabi/lib/thumb/v7e-m/fpv4-sp/hard/libc_nano.a(lib_a-init.o)
 .ARM.attributes
                0x00000000000005a6       0x34 /usr/local/gcc-arm-none-eabi-7-2018-q2-update/bin/../lib/gcc/arm-none-eabi/7.3.1/../../../../arm-none-eabi/lib/thumb/v7e-m/fpv4-sp/hard/libc_nano.a(lib_a-memcpy-stub.o)
 .ARM.attributes
                0x00000000000005da       0x34 /usr/local/gcc-arm-none-eabi-7-2018-q2-update/bin/../lib/gcc/arm-none-eabi/7.3.1/../../../../arm-none-eabi/lib/thumb/v7e-m/fpv4-sp/hard/libc_nano.a(lib_a-memset.o)
 .ARM.attributes
                0x000000000000060e       0x34 /usr/local/gcc-arm-none-eabi-7-2018-q2-update/bin/../lib/gcc/arm-none-eabi/7.3.1/../../../../arm-none-eabi/lib/thumb/v7e-m/fpv4-sp/hard/libnosys.a(_exit.o)
 .ARM.attributes
                0x0000000000000642       0x34 /usr/local/gcc-arm-none-eabi-7-2018-q2-update/bin/../lib/gcc/arm-none-eabi/7.3.1/thumb/v7e-m/fpv4-sp/hard/crtend.o
 .ARM.attributes
                0x0000000000000676       0x22 /usr/local/gcc-arm-none-eabi-7-2018-q2-update/bin/../lib/gcc/arm-none-eabi/7.3.1/thumb/v7e-m/fpv4-sp/hard/crtn.o

.comment        0x0000000000000000       0x7f
 .comment       0x0000000000000000       0x7f _build/nrf52840_xxaa/boards.c.o
                                         0x80 (size before relaxing)
 .comment       0x000000000000007f       0x80 _build/nrf52840_xxaa/heap_1.c.o
 .comment       0x000000000000007f       0x80 _build/nrf52840_xxaa/list.c.o
 .comment       0x000000000000007f       0x80 _build/nrf52840_xxaa/port.c.o
 .comment       0x000000000000007f       0x80 _build/nrf52840_xxaa/port_cmsis.c.o
 .comment       0x000000000000007f       0x80 _build/nrf52840_xxaa/port_cmsis_systick.c.o
 .comment       0x000000000000007f       0x80 _build/nrf52840_xxaa/queue.c.o
 .comment       0x000000000000007f       0x80 _build/nrf52840_xxaa/tasks.c.o
 .comment       0x000000000000007f       0x80 _build/nrf52840_xxaa/timers.c.o
 .comment       0x000000000000007f       0x80 _build/nrf52840_xxaa/app_button.c.o
 .comment       0x000000000000007f       0x80 _build/nrf52840_xxaa/app_error.c.o
 .comment       0x000000000000007f       0x80 _build/nrf52840_xxaa/app_error_weak.c.o
 .comment       0x000000000000007f       0x80 _build/nrf52840_xxaa/app_timer_freertos.c.o
 .comment       0x000000000000007f       0x80 _build/nrf52840_xxaa/app_util_platform.c.o
 .comment       0x000000000000007f       0x80 _build/nrf52840_xxaa/nrf_drv_clock.c.o
 .comment       0x000000000000007f       0x80 _build/nrf52840_xxaa/nrfx_clock.c.o
 .comment       0x000000000000007f       0x80 _build/nrf52840_xxaa/nrfx_gpiote.c.o
 .comment       0x000000000000007f       0x80 _build/nrf52840_xxaa/bsp.c.o
 .comment       0x000000000000007f       0x80 _build/nrf52840_xxaa/main.c.o
 .comment       0x000000000000007f       0x80 _build/nrf52840_xxaa/system_nrf52840.c.o

.debug_line     0x0000000000000000     0xc1a0
 .debug_line    0x0000000000000000       0x89 _build/nrf52840_xxaa/gcc_startup_nrf52840.S.o
 .debug_line    0x0000000000000089      0x891 _build/nrf52840_xxaa/boards.c.o
 .debug_line    0x000000000000091a      0x6cb _build/nrf52840_xxaa/heap_1.c.o
 .debug_line    0x0000000000000fe5      0x6d0 _build/nrf52840_xxaa/list.c.o
 .debug_line    0x00000000000016b5      0x641 _build/nrf52840_xxaa/port.c.o
 .debug_line    0x0000000000001cf6      0x6cb _build/nrf52840_xxaa/port_cmsis.c.o
 .debug_line    0x00000000000023c1      0xa08 _build/nrf52840_xxaa/port_cmsis_systick.c.o
 .debug_line    0x0000000000002dc9      0xf5d _build/nrf52840_xxaa/queue.c.o
 .debug_line    0x0000000000003d26     0x12ee _build/nrf52840_xxaa/tasks.c.o
 .debug_line    0x0000000000005014      0x914 _build/nrf52840_xxaa/timers.c.o
 .debug_line    0x0000000000005928      0xb54 _build/nrf52840_xxaa/app_button.c.o
 .debug_line    0x000000000000647c      0x4db _build/nrf52840_xxaa/app_error.c.o
 .debug_line    0x0000000000006957      0x6dc _build/nrf52840_xxaa/app_error_weak.c.o
 .debug_line    0x0000000000007033      0x7e6 _build/nrf52840_xxaa/app_timer_freertos.c.o
 .debug_line    0x0000000000007819      0x57a _build/nrf52840_xxaa/app_util_platform.c.o
 .debug_line    0x0000000000007d93      0xa05 _build/nrf52840_xxaa/nrf_drv_clock.c.o
 .debug_line    0x0000000000008798      0xab4 _build/nrf52840_xxaa/nrfx_clock.c.o
 .debug_line    0x000000000000924c     0x13d7 _build/nrf52840_xxaa/nrfx_gpiote.c.o
 .debug_line    0x000000000000a623      0xb68 _build/nrf52840_xxaa/bsp.c.o
 .debug_line    0x000000000000b18b      0xc34 _build/nrf52840_xxaa/main.c.o
 .debug_line    0x000000000000bdbf      0x3e1 _build/nrf52840_xxaa/system_nrf52840.c.o

.debug_info     0x0000000000000000    0x1eabb
 .debug_info    0x0000000000000000       0x26 _build/nrf52840_xxaa/gcc_startup_nrf52840.S.o
 .debug_info    0x0000000000000026     0x1550 _build/nrf52840_xxaa/boards.c.o
 .debug_info    0x0000000000001576      0xa24 _build/nrf52840_xxaa/heap_1.c.o
 .debug_info    0x0000000000001f9a      0xb13 _build/nrf52840_xxaa/list.c.o
 .debug_info    0x0000000000002aad      0x939 _build/nrf52840_xxaa/port.c.o
 .debug_info    0x00000000000033e6     0x10af _build/nrf52840_xxaa/port_cmsis.c.o
 .debug_info    0x0000000000004495     0x179c _build/nrf52840_xxaa/port_cmsis_systick.c.o
 .debug_info    0x0000000000005c31     0x3269 _build/nrf52840_xxaa/queue.c.o
 .debug_info    0x0000000000008e9a     0x3772 _build/nrf52840_xxaa/tasks.c.o
 .debug_info    0x000000000000c60c     0x1eb0 _build/nrf52840_xxaa/timers.c.o
 .debug_info    0x000000000000e4bc     0x1941 _build/nrf52840_xxaa/app_button.c.o
 .debug_info    0x000000000000fdfd      0xaeb _build/nrf52840_xxaa/app_error.c.o
 .debug_info    0x00000000000108e8      0xe4a _build/nrf52840_xxaa/app_error_weak.c.o
 .debug_info    0x0000000000011732      0xfe7 _build/nrf52840_xxaa/app_timer_freertos.c.o
 .debug_info    0x0000000000012719      0xfd0 _build/nrf52840_xxaa/app_util_platform.c.o
 .debug_info    0x00000000000136e9     0x1585 _build/nrf52840_xxaa/nrf_drv_clock.c.o
 .debug_info    0x0000000000014c6e     0x1a47 _build/nrf52840_xxaa/nrfx_clock.c.o
 .debug_info    0x00000000000166b5     0x3b29 _build/nrf52840_xxaa/nrfx_gpiote.c.o
 .debug_info    0x000000000001a1de     0x2095 _build/nrf52840_xxaa/bsp.c.o
 .debug_info    0x000000000001c273     0x14cc _build/nrf52840_xxaa/main.c.o
 .debug_info    0x000000000001d73f     0x137c _build/nrf52840_xxaa/system_nrf52840.c.o

.debug_abbrev   0x0000000000000000     0x45ee
 .debug_abbrev  0x0000000000000000       0x14 _build/nrf52840_xxaa/gcc_startup_nrf52840.S.o
 .debug_abbrev  0x0000000000000014      0x3dc _build/nrf52840_xxaa/boards.c.o
 .debug_abbrev  0x00000000000003f0      0x262 _build/nrf52840_xxaa/heap_1.c.o
 .debug_abbrev  0x0000000000000652      0x223 _build/nrf52840_xxaa/list.c.o
 .debug_abbrev  0x0000000000000875      0x1b1 _build/nrf52840_xxaa/port.c.o
 .debug_abbrev  0x0000000000000a26      0x36d _build/nrf52840_xxaa/port_cmsis.c.o
 .debug_abbrev  0x0000000000000d93      0x3cf _build/nrf52840_xxaa/port_cmsis_systick.c.o
 .debug_abbrev  0x0000000000001162      0x468 _build/nrf52840_xxaa/queue.c.o
 .debug_abbrev  0x00000000000015ca      0x512 _build/nrf52840_xxaa/tasks.c.o
 .debug_abbrev  0x0000000000001adc      0x3fa _build/nrf52840_xxaa/timers.c.o
 .debug_abbrev  0x0000000000001ed6      0x3c7 _build/nrf52840_xxaa/app_button.c.o
 .debug_abbrev  0x000000000000229d      0x235 _build/nrf52840_xxaa/app_error.c.o
 .debug_abbrev  0x00000000000024d2      0x25f _build/nrf52840_xxaa/app_error_weak.c.o
 .debug_abbrev  0x0000000000002731      0x30d _build/nrf52840_xxaa/app_timer_freertos.c.o
 .debug_abbrev  0x0000000000002a3e      0x326 _build/nrf52840_xxaa/app_util_platform.c.o
 .debug_abbrev  0x0000000000002d64      0x4a3 _build/nrf52840_xxaa/nrf_drv_clock.c.o
 .debug_abbrev  0x0000000000003207      0x4a7 _build/nrf52840_xxaa/nrfx_clock.c.o
 .debug_abbrev  0x00000000000036ae      0x520 _build/nrf52840_xxaa/nrfx_gpiote.c.o
 .debug_abbrev  0x0000000000003bce      0x4a0 _build/nrf52840_xxaa/bsp.c.o
 .debug_abbrev  0x000000000000406e      0x395 _build/nrf52840_xxaa/main.c.o
 .debug_abbrev  0x0000000000004403      0x1eb _build/nrf52840_xxaa/system_nrf52840.c.o

.debug_aranges  0x0000000000000000      0x878
 .debug_aranges
                0x0000000000000000       0x20 _build/nrf52840_xxaa/gcc_startup_nrf52840.S.o
 .debug_aranges
                0x0000000000000020       0x78 _build/nrf52840_xxaa/boards.c.o
 .debug_aranges
                0x0000000000000098       0x38 _build/nrf52840_xxaa/heap_1.c.o
 .debug_aranges
                0x00000000000000d0       0x40 _build/nrf52840_xxaa/list.c.o
 .debug_aranges
                0x0000000000000110       0x30 _build/nrf52840_xxaa/port.c.o
 .debug_aranges
                0x0000000000000140       0x48 _build/nrf52840_xxaa/port_cmsis.c.o
 .debug_aranges
                0x0000000000000188       0x30 _build/nrf52840_xxaa/port_cmsis_systick.c.o
 .debug_aranges
                0x00000000000001b8       0xd8 _build/nrf52840_xxaa/queue.c.o
 .debug_aranges
                0x0000000000000290      0x190 _build/nrf52840_xxaa/tasks.c.o
 .debug_aranges
                0x0000000000000420       0x80 _build/nrf52840_xxaa/timers.c.o
 .debug_aranges
                0x00000000000004a0       0x50 _build/nrf52840_xxaa/app_button.c.o
 .debug_aranges
                0x00000000000004f0       0x28 _build/nrf52840_xxaa/app_error.c.o
 .debug_aranges
                0x0000000000000518       0x20 _build/nrf52840_xxaa/app_error_weak.c.o
 .debug_aranges
                0x0000000000000538       0x40 _build/nrf52840_xxaa/app_timer_freertos.c.o
 .debug_aranges
                0x0000000000000578       0x48 _build/nrf52840_xxaa/app_util_platform.c.o
 .debug_aranges
                0x00000000000005c0       0x80 _build/nrf52840_xxaa/nrf_drv_clock.c.o
 .debug_aranges
                0x0000000000000640       0x78 _build/nrf52840_xxaa/nrfx_clock.c.o
 .debug_aranges
                0x00000000000006b8       0xd8 _build/nrf52840_xxaa/nrfx_gpiote.c.o
 .debug_aranges
                0x0000000000000790       0x78 _build/nrf52840_xxaa/bsp.c.o
 .debug_aranges
                0x0000000000000808       0x48 _build/nrf52840_xxaa/main.c.o
 .debug_aranges
                0x0000000000000850       0x28 _build/nrf52840_xxaa/system_nrf52840.c.o

.debug_str      0x0000000000000000    0x94c15
 .debug_str     0x0000000000000000       0xa2 _build/nrf52840_xxaa/gcc_startup_nrf52840.S.o
 .debug_str     0x00000000000000a2    0x84922 _build/nrf52840_xxaa/boards.c.o
                                      0x85d93 (size before relaxing)
 .debug_str     0x00000000000849c4     0x3d85 _build/nrf52840_xxaa/heap_1.c.o
                                      0x83813 (size before relaxing)
 .debug_str     0x0000000000088749      0x154 _build/nrf52840_xxaa/list.c.o
                                      0x8324f (size before relaxing)
 .debug_str     0x000000000008889d       0x52 _build/nrf52840_xxaa/port.c.o
                                      0x83661 (size before relaxing)
 .debug_str     0x00000000000888ef      0x550 _build/nrf52840_xxaa/port_cmsis.c.o
                                      0x83c8c (size before relaxing)
 .debug_str     0x0000000000088e3f      0x739 _build/nrf52840_xxaa/port_cmsis_systick.c.o
                                      0x88c63 (size before relaxing)
 .debug_str     0x0000000000089578     0x101a _build/nrf52840_xxaa/queue.c.o
                                      0x84951 (size before relaxing)
 .debug_str     0x000000000008a592     0x1979 _build/nrf52840_xxaa/tasks.c.o
                                      0x855ec (size before relaxing)
 .debug_str     0x000000000008bf0b      0x4e9 _build/nrf52840_xxaa/timers.c.o
                                      0x84de6 (size before relaxing)
 .debug_str     0x000000000008c3f4     0x42f8 _build/nrf52840_xxaa/app_button.c.o
                                      0x892f7 (size before relaxing)
 .debug_str     0x00000000000906ec       0xfb _build/nrf52840_xxaa/app_error.c.o
                                      0x77eeb (size before relaxing)
 .debug_str     0x00000000000907e7      0x5df _build/nrf52840_xxaa/app_error_weak.c.o
                                      0x84e42 (size before relaxing)
 .debug_str     0x0000000000090dc6      0x120 _build/nrf52840_xxaa/app_timer_freertos.c.o
                                      0x868e1 (size before relaxing)
 .debug_str     0x0000000000090ee6      0x1c1 _build/nrf52840_xxaa/app_util_platform.c.o
                                      0x7873d (size before relaxing)
 .debug_str     0x00000000000910a7      0x8f0 _build/nrf52840_xxaa/nrf_drv_clock.c.o
                                      0x87cc7 (size before relaxing)
 .debug_str     0x0000000000091997      0x7f2 _build/nrf52840_xxaa/nrfx_clock.c.o
                                      0x8839a (size before relaxing)
 .debug_str     0x0000000000092189      0xd5a _build/nrf52840_xxaa/nrfx_gpiote.c.o
                                      0x89646 (size before relaxing)
 .debug_str     0x0000000000092ee3      0xfdf _build/nrf52840_xxaa/bsp.c.o
                                      0x8765b (size before relaxing)
 .debug_str     0x0000000000093ec2      0x8b6 _build/nrf52840_xxaa/main.c.o
                                      0x8f7e1 (size before relaxing)
 .debug_str     0x0000000000094778      0x49d _build/nrf52840_xxaa/system_nrf52840.c.o
                                      0x73bb1 (size before relaxing)

.debug_loc      0x0000000000000000     0xae6b
 .debug_loc     0x0000000000000000      0x867 _build/nrf52840_xxaa/boards.c.o
 .debug_loc     0x0000000000000867       0xf0 _build/nrf52840_xxaa/heap_1.c.o
 .debug_loc     0x0000000000000957       0x70 _build/nrf52840_xxaa/list.c.o
 .debug_loc     0x00000000000009c7       0xa5 _build/nrf52840_xxaa/port_cmsis.c.o
 .debug_loc     0x0000000000000a6c      0x537 _build/nrf52840_xxaa/port_cmsis_systick.c.o
 .debug_loc     0x0000000000000fa3     0x1c0e _build/nrf52840_xxaa/queue.c.o
 .debug_loc     0x0000000000002bb1     0x23ad _build/nrf52840_xxaa/tasks.c.o
 .debug_loc     0x0000000000004f5e      0xeb1 _build/nrf52840_xxaa/timers.c.o
 .debug_loc     0x0000000000005e0f      0xbcb _build/nrf52840_xxaa/app_button.c.o
 .debug_loc     0x00000000000069da       0xca _build/nrf52840_xxaa/app_error.c.o
 .debug_loc     0x0000000000006aa4       0x42 _build/nrf52840_xxaa/app_error_weak.c.o
 .debug_loc     0x0000000000006ae6      0x3a3 _build/nrf52840_xxaa/app_timer_freertos.c.o
 .debug_loc     0x0000000000006e89       0xc3 _build/nrf52840_xxaa/app_util_platform.c.o
 .debug_loc     0x0000000000006f4c      0x2b5 _build/nrf52840_xxaa/nrf_drv_clock.c.o
 .debug_loc     0x0000000000007201      0x1bc _build/nrf52840_xxaa/nrfx_clock.c.o
 .debug_loc     0x00000000000073bd     0x2c86 _build/nrf52840_xxaa/nrfx_gpiote.c.o
 .debug_loc     0x000000000000a043      0xd0b _build/nrf52840_xxaa/bsp.c.o
 .debug_loc     0x000000000000ad4e      0x11d _build/nrf52840_xxaa/main.c.o

.debug_ranges   0x0000000000000000     0x2838
 .debug_ranges  0x0000000000000000       0xe8 _build/nrf52840_xxaa/boards.c.o
 .debug_ranges  0x00000000000000e8       0x28 _build/nrf52840_xxaa/heap_1.c.o
 .debug_ranges  0x0000000000000110       0x30 _build/nrf52840_xxaa/list.c.o
 .debug_ranges  0x0000000000000140       0x20 _build/nrf52840_xxaa/port.c.o
 .debug_ranges  0x0000000000000160       0x50 _build/nrf52840_xxaa/port_cmsis.c.o
 .debug_ranges  0x00000000000001b0      0x228 _build/nrf52840_xxaa/port_cmsis_systick.c.o
 .debug_ranges  0x00000000000003d8      0x3c8 _build/nrf52840_xxaa/queue.c.o
 .debug_ranges  0x00000000000007a0      0x660 _build/nrf52840_xxaa/tasks.c.o
 .debug_ranges  0x0000000000000e00      0x250 _build/nrf52840_xxaa/timers.c.o
 .debug_ranges  0x0000000000001050      0x3c8 _build/nrf52840_xxaa/app_button.c.o
 .debug_ranges  0x0000000000001418       0x18 _build/nrf52840_xxaa/app_error.c.o
 .debug_ranges  0x0000000000001430       0x10 _build/nrf52840_xxaa/app_error_weak.c.o
 .debug_ranges  0x0000000000001440       0x48 _build/nrf52840_xxaa/app_timer_freertos.c.o
 .debug_ranges  0x0000000000001488       0x50 _build/nrf52840_xxaa/app_util_platform.c.o
 .debug_ranges  0x00000000000014d8       0xf0 _build/nrf52840_xxaa/nrf_drv_clock.c.o
 .debug_ranges  0x00000000000015c8      0x1b8 _build/nrf52840_xxaa/nrfx_clock.c.o
 .debug_ranges  0x0000000000001780      0xc60 _build/nrf52840_xxaa/nrfx_gpiote.c.o
 .debug_ranges  0x00000000000023e0      0x390 _build/nrf52840_xxaa/bsp.c.o
 .debug_ranges  0x0000000000002770       0x88 _build/nrf52840_xxaa/main.c.o
 .debug_ranges  0x00000000000027f8       0x40 _build/nrf52840_xxaa/system_nrf52840.c.o

.debug_macro    0x0000000000000000     0x600d
 .debug_macro   0x0000000000000000      0x349 _build/nrf52840_xxaa/boards.c.o
 .debug_macro   0x0000000000000349       0x26 _build/nrf52840_xxaa/boards.c.o
 .debug_macro   0x000000000000036f      0x430 _build/nrf52840_xxaa/boards.c.o
 .debug_macro   0x000000000000079f       0x59 _build/nrf52840_xxaa/boards.c.o
 .debug_macro   0x00000000000007f8       0xd5 _build/nrf52840_xxaa/boards.c.o
 .debug_macro   0x00000000000008cd      0x154 _build/nrf52840_xxaa/boards.c.o
 .debug_macro   0x0000000000000a21       0x3f _build/nrf52840_xxaa/boards.c.o
 .debug_macro   0x0000000000000a60       0x16 _build/nrf52840_xxaa/boards.c.o
 .debug_macro   0x0000000000000a76       0x10 _build/nrf52840_xxaa/boards.c.o
 .debug_macro   0x0000000000000a86       0x10 _build/nrf52840_xxaa/boards.c.o
 .debug_macro   0x0000000000000a96       0xb6 _build/nrf52840_xxaa/boards.c.o
 .debug_macro   0x0000000000000b4c       0x16 _build/nrf52840_xxaa/boards.c.o
 .debug_macro   0x0000000000000b62      0x129 _build/nrf52840_xxaa/boards.c.o
 .debug_macro   0x0000000000000c8b       0x49 _build/nrf52840_xxaa/boards.c.o
 .debug_macro   0x0000000000000cd4       0x8c _build/nrf52840_xxaa/boards.c.o
 .debug_macro   0x0000000000000d60       0x19 _build/nrf52840_xxaa/boards.c.o
 .debug_macro   0x0000000000000d79       0x1d _build/nrf52840_xxaa/boards.c.o
 .debug_macro   0x0000000000000d96       0x35 _build/nrf52840_xxaa/boards.c.o
 .debug_macro   0x0000000000000dcb       0x7b _build/nrf52840_xxaa/boards.c.o
 .debug_macro   0x0000000000000e46       0x64 _build/nrf52840_xxaa/boards.c.o
 .debug_macro   0x0000000000000eaa       0x20 _build/nrf52840_xxaa/boards.c.o
 .debug_macro   0x0000000000000eca       0x16 _build/nrf52840_xxaa/boards.c.o
 .debug_macro   0x0000000000000ee0      0x208 _build/nrf52840_xxaa/boards.c.o
 .debug_macro   0x00000000000010e8      0x16d _build/nrf52840_xxaa/boards.c.o
 .debug_macro   0x0000000000001255      0x310 _build/nrf52840_xxaa/heap_1.c.o
 .debug_macro   0x0000000000001565      0x2ef _build/nrf52840_xxaa/list.c.o
 .debug_macro   0x0000000000001854      0x2df _build/nrf52840_xxaa/port.c.o
 .debug_macro   0x0000000000001b33      0x309 _build/nrf52840_xxaa/port_cmsis.c.o
 .debug_macro   0x0000000000001e3c      0x3d4 _build/nrf52840_xxaa/port_cmsis_systick.c.o
 .debug_macro   0x0000000000002210       0x45 _build/nrf52840_xxaa/port_cmsis_systick.c.o
 .debug_macro   0x0000000000002255       0x28 _build/nrf52840_xxaa/port_cmsis_systick.c.o
 .debug_macro   0x000000000000227d       0x16 _build/nrf52840_xxaa/port_cmsis_systick.c.o
 .debug_macro   0x0000000000002293       0x10 _build/nrf52840_xxaa/port_cmsis_systick.c.o
 .debug_macro   0x00000000000022a3      0x361 _build/nrf52840_xxaa/queue.c.o
 .debug_macro   0x0000000000002604       0x16 _build/nrf52840_xxaa/queue.c.o
 .debug_macro   0x000000000000261a       0x86 _build/nrf52840_xxaa/queue.c.o
 .debug_macro   0x00000000000026a0      0x3c9 _build/nrf52840_xxaa/tasks.c.o
 .debug_macro   0x0000000000002a69       0x10 _build/nrf52840_xxaa/tasks.c.o
 .debug_macro   0x0000000000002a79      0x332 _build/nrf52840_xxaa/timers.c.o
 .debug_macro   0x0000000000002dab      0x428 _build/nrf52840_xxaa/app_button.c.o
 .debug_macro   0x00000000000031d3       0x1c _build/nrf52840_xxaa/app_button.c.o
 .debug_macro   0x00000000000031ef       0x2e _build/nrf52840_xxaa/app_button.c.o
 .debug_macro   0x000000000000321d      0x19e _build/nrf52840_xxaa/app_button.c.o
 .debug_macro   0x00000000000033bb       0x18 _build/nrf52840_xxaa/app_button.c.o
 .debug_macro   0x00000000000033d3       0x17 _build/nrf52840_xxaa/app_button.c.o
 .debug_macro   0x00000000000033ea       0x45 _build/nrf52840_xxaa/app_button.c.o
 .debug_macro   0x000000000000342f       0xcc _build/nrf52840_xxaa/app_button.c.o
 .debug_macro   0x00000000000034fb       0x37 _build/nrf52840_xxaa/app_button.c.o
 .debug_macro   0x0000000000003532       0x10 _build/nrf52840_xxaa/app_button.c.o
 .debug_macro   0x0000000000003542       0x55 _build/nrf52840_xxaa/app_button.c.o
 .debug_macro   0x0000000000003597      0x179 _build/nrf52840_xxaa/app_button.c.o
 .debug_macro   0x0000000000003710       0x9a _build/nrf52840_xxaa/app_button.c.o
 .debug_macro   0x00000000000037aa      0x22e _build/nrf52840_xxaa/app_error.c.o
 .debug_macro   0x00000000000039d8       0x35 _build/nrf52840_xxaa/app_error.c.o
 .debug_macro   0x0000000000003a0d       0x97 _build/nrf52840_xxaa/app_error.c.o
 .debug_macro   0x0000000000003aa4       0xf6 _build/nrf52840_xxaa/app_error.c.o
 .debug_macro   0x0000000000003b9a      0x31d _build/nrf52840_xxaa/app_error_weak.c.o
 .debug_macro   0x0000000000003eb7       0x31 _build/nrf52840_xxaa/app_error_weak.c.o
 .debug_macro   0x0000000000003ee8       0x16 _build/nrf52840_xxaa/app_error_weak.c.o
 .debug_macro   0x0000000000003efe      0x17f _build/nrf52840_xxaa/app_error_weak.c.o
 .debug_macro   0x000000000000407d       0x28 _build/nrf52840_xxaa/app_error_weak.c.o
 .debug_macro   0x00000000000040a5       0x23 _build/nrf52840_xxaa/app_error_weak.c.o
 .debug_macro   0x00000000000040c8       0x1c _build/nrf52840_xxaa/app_error_weak.c.o
 .debug_macro   0x00000000000040e4       0x92 _build/nrf52840_xxaa/app_error_weak.c.o
 .debug_macro   0x0000000000004176      0x380 _build/nrf52840_xxaa/app_timer_freertos.c.o
 .debug_macro   0x00000000000044f6       0x3c _build/nrf52840_xxaa/app_timer_freertos.c.o
 .debug_macro   0x0000000000004532      0x244 _build/nrf52840_xxaa/app_util_platform.c.o
 .debug_macro   0x0000000000004776      0x40a _build/nrf52840_xxaa/nrf_drv_clock.c.o
 .debug_macro   0x0000000000004b80      0x3e8 _build/nrf52840_xxaa/nrfx_clock.c.o
 .debug_macro   0x0000000000004f68       0x1c _build/nrf52840_xxaa/nrfx_clock.c.o
 .debug_macro   0x0000000000004f84       0x42 _build/nrf52840_xxaa/nrfx_clock.c.o
 .debug_macro   0x0000000000004fc6      0x420 _build/nrf52840_xxaa/nrfx_gpiote.c.o
 .debug_macro   0x00000000000053e6       0x1c _build/nrf52840_xxaa/nrfx_gpiote.c.o
 .debug_macro   0x0000000000005402       0x16 _build/nrf52840_xxaa/nrfx_gpiote.c.o
 .debug_macro   0x0000000000005418      0x39d _build/nrf52840_xxaa/bsp.c.o
 .debug_macro   0x00000000000057b5       0x1c _build/nrf52840_xxaa/bsp.c.o
 .debug_macro   0x00000000000057d1      0x100 _build/nrf52840_xxaa/bsp.c.o
 .debug_macro   0x00000000000058d1       0x28 _build/nrf52840_xxaa/bsp.c.o
 .debug_macro   0x00000000000058f9      0x544 _build/nrf52840_xxaa/main.c.o
 .debug_macro   0x0000000000005e3d       0x7e _build/nrf52840_xxaa/main.c.o
 .debug_macro   0x0000000000005ebb       0x10 _build/nrf52840_xxaa/main.c.o
 .debug_macro   0x0000000000005ecb       0x42 _build/nrf52840_xxaa/main.c.o
 .debug_macro   0x0000000000005f0d      0x100 _build/nrf52840_xxaa/system_nrf52840.c.o

.debug_frame    0x0000000000000000     0x1870
 .debug_frame   0x0000000000000000       0xf8 _build/nrf52840_xxaa/boards.c.o
 .debug_frame   0x00000000000000f8       0x5c _build/nrf52840_xxaa/heap_1.c.o
 .debug_frame   0x0000000000000154       0x70 _build/nrf52840_xxaa/list.c.o
 .debug_frame   0x00000000000001c4       0x40 _build/nrf52840_xxaa/port.c.o
 .debug_frame   0x0000000000000204       0x84 _build/nrf52840_xxaa/port_cmsis.c.o
 .debug_frame   0x0000000000000288       0x7c _build/nrf52840_xxaa/port_cmsis_systick.c.o
 .debug_frame   0x0000000000000304      0x300 _build/nrf52840_xxaa/queue.c.o
 .debug_frame   0x0000000000000604      0x5c8 _build/nrf52840_xxaa/tasks.c.o
 .debug_frame   0x0000000000000bcc      0x198 _build/nrf52840_xxaa/timers.c.o
 .debug_frame   0x0000000000000d64      0x158 _build/nrf52840_xxaa/app_button.c.o
 .debug_frame   0x0000000000000ebc       0x54 _build/nrf52840_xxaa/app_error.c.o
 .debug_frame   0x0000000000000f10       0x20 _build/nrf52840_xxaa/app_error_weak.c.o
 .debug_frame   0x0000000000000f30       0xcc _build/nrf52840_xxaa/app_timer_freertos.c.o
 .debug_frame   0x0000000000000ffc       0x70 _build/nrf52840_xxaa/app_util_platform.c.o
 .debug_frame   0x000000000000106c      0x154 _build/nrf52840_xxaa/nrf_drv_clock.c.o
 .debug_frame   0x00000000000011c0      0x110 _build/nrf52840_xxaa/nrfx_clock.c.o
 .debug_frame   0x00000000000012d0      0x260 _build/nrf52840_xxaa/nrfx_gpiote.c.o
 .debug_frame   0x0000000000001530      0x1a0 _build/nrf52840_xxaa/bsp.c.o
 .debug_frame   0x00000000000016d0       0xa4 _build/nrf52840_xxaa/main.c.o
 .debug_frame   0x0000000000001774       0x40 _build/nrf52840_xxaa/system_nrf52840.c.o
 .debug_frame   0x00000000000017b4       0x28 /usr/local/gcc-arm-none-eabi-7-2018-q2-update/bin/../lib/gcc/arm-none-eabi/7.3.1/../../../../arm-none-eabi/lib/thumb/v7e-m/fpv4-sp/hard/libc_nano.a(lib_a-exit.o)
 .debug_frame   0x00000000000017dc       0x2c /usr/local/gcc-arm-none-eabi-7-2018-q2-update/bin/../lib/gcc/arm-none-eabi/7.3.1/../../../../arm-none-eabi/lib/thumb/v7e-m/fpv4-sp/hard/libc_nano.a(lib_a-init.o)
 .debug_frame   0x0000000000001808       0x28 /usr/local/gcc-arm-none-eabi-7-2018-q2-update/bin/../lib/gcc/arm-none-eabi/7.3.1/../../../../arm-none-eabi/lib/thumb/v7e-m/fpv4-sp/hard/libc_nano.a(lib_a-memcpy-stub.o)
 .debug_frame   0x0000000000001830       0x20 /usr/local/gcc-arm-none-eabi-7-2018-q2-update/bin/../lib/gcc/arm-none-eabi/7.3.1/../../../../arm-none-eabi/lib/thumb/v7e-m/fpv4-sp/hard/libc_nano.a(lib_a-memset.o)
 .debug_frame   0x0000000000001850       0x20 /usr/local/gcc-arm-none-eabi-7-2018-q2-update/bin/../lib/gcc/arm-none-eabi/7.3.1/../../../../arm-none-eabi/lib/thumb/v7e-m/fpv4-sp/hard/libnosys.a(_exit.o)
