Archive member included to satisfy reference by file (symbol)

/usr/local/gcc-arm-none-eabi-7-2018-q2-update/bin/../lib/gcc/arm-none-eabi/7.3.1/../../../../arm-none-eabi/lib/thumb/v7e-m/fpv4-sp/hard/libc_nano.a(lib_a-exit.o)
                              /usr/local/gcc-arm-none-eabi-7-2018-q2-update/bin/../lib/gcc/arm-none-eabi/7.3.1/../../../../arm-none-eabi/lib/thumb/v7e-m/fpv4-sp/hard/crt0.o (exit)
/usr/local/gcc-arm-none-eabi-7-2018-q2-update/bin/../lib/gcc/arm-none-eabi/7.3.1/../../../../arm-none-eabi/lib/thumb/v7e-m/fpv4-sp/hard/libc_nano.a(lib_a-impure.o)
                              /usr/local/gcc-arm-none-eabi-7-2018-q2-update/bin/../lib/gcc/arm-none-eabi/7.3.1/../../../../arm-none-eabi/lib/thumb/v7e-m/fpv4-sp/hard/libc_nano.a(lib_a-exit.o) (_global_impure_ptr)
/usr/local/gcc-arm-none-eabi-7-2018-q2-update/bin/../lib/gcc/arm-none-eabi/7.3.1/../../../../arm-none-eabi/lib/thumb/v7e-m/fpv4-sp/hard/libc_nano.a(lib_a-init.o)
                              /usr/local/gcc-arm-none-eabi-7-2018-q2-update/bin/../lib/gcc/arm-none-eabi/7.3.1/../../../../arm-none-eabi/lib/thumb/v7e-m/fpv4-sp/hard/crt0.o (__libc_init_array)
/usr/local/gcc-arm-none-eabi-7-2018-q2-update/bin/../lib/gcc/arm-none-eabi/7.3.1/../../../../arm-none-eabi/lib/thumb/v7e-m/fpv4-sp/hard/libc_nano.a(lib_a-memcpy-stub.o)
                              _build/nrf52840_xxaa/app_scheduler.c.o (memcpy)
/usr/local/gcc-arm-none-eabi-7-2018-q2-update/bin/../lib/gcc/arm-none-eabi/7.3.1/../../../../arm-none-eabi/lib/thumb/v7e-m/fpv4-sp/hard/libc_nano.a(lib_a-memset.o)
                              /usr/local/gcc-arm-none-eabi-7-2018-q2-update/bin/../lib/gcc/arm-none-eabi/7.3.1/../../../../arm-none-eabi/lib/thumb/v7e-m/fpv4-sp/hard/crt0.o (memset)
/usr/local/gcc-arm-none-eabi-7-2018-q2-update/bin/../lib/gcc/arm-none-eabi/7.3.1/../../../../arm-none-eabi/lib/thumb/v7e-m/fpv4-sp/hard/libc_nano.a(lib_a-strlen.o)
                              _build/nrf52840_xxaa/nrf_fprintf_format.c.o (strlen)
/usr/local/gcc-arm-none-eabi-7-2018-q2-update/bin/../lib/gcc/arm-none-eabi/7.3.1/../../../../arm-none-eabi/lib/thumb/v7e-m/fpv4-sp/hard/libnosys.a(_exit.o)
                              /usr/local/gcc-arm-none-eabi-7-2018-q2-update/bin/../lib/gcc/arm-none-eabi/7.3.1/../../../../arm-none-eabi/lib/thumb/v7e-m/fpv4-sp/hard/libc_nano.a(lib_a-exit.o) (_exit)
/usr/local/gcc-arm-none-eabi-7-2018-q2-update/bin/../lib/gcc/arm-none-eabi/7.3.1/thumb/v7e-m/fpv4-sp/hard/libgcc.a(_aeabi_ldivmod.o)
                              _build/nrf52840_xxaa/bsp.c.o (__aeabi_ldivmod)
/usr/local/gcc-arm-none-eabi-7-2018-q2-update/bin/../lib/gcc/arm-none-eabi/7.3.1/thumb/v7e-m/fpv4-sp/hard/libgcc.a(_aeabi_uldivmod.o)
                              _build/nrf52840_xxaa/bsp.c.o (__aeabi_uldivmod)
/usr/local/gcc-arm-none-eabi-7-2018-q2-update/bin/../lib/gcc/arm-none-eabi/7.3.1/thumb/v7e-m/fpv4-sp/hard/libgcc.a(_udivmoddi4.o)
                              /usr/local/gcc-arm-none-eabi-7-2018-q2-update/bin/../lib/gcc/arm-none-eabi/7.3.1/thumb/v7e-m/fpv4-sp/hard/libgcc.a(_aeabi_ldivmod.o) (__udivmoddi4)
/usr/local/gcc-arm-none-eabi-7-2018-q2-update/bin/../lib/gcc/arm-none-eabi/7.3.1/thumb/v7e-m/fpv4-sp/hard/libgcc.a(_dvmd_tls.o)
                              /usr/local/gcc-arm-none-eabi-7-2018-q2-update/bin/../lib/gcc/arm-none-eabi/7.3.1/thumb/v7e-m/fpv4-sp/hard/libgcc.a(_aeabi_ldivmod.o) (__aeabi_ldiv0)

Discarded input sections

 .text          0x0000000000000000        0x0 /usr/local/gcc-arm-none-eabi-7-2018-q2-update/bin/../lib/gcc/arm-none-eabi/7.3.1/thumb/v7e-m/fpv4-sp/hard/crti.o
 .data          0x0000000000000000        0x0 /usr/local/gcc-arm-none-eabi-7-2018-q2-update/bin/../lib/gcc/arm-none-eabi/7.3.1/thumb/v7e-m/fpv4-sp/hard/crti.o
 .bss           0x0000000000000000        0x0 /usr/local/gcc-arm-none-eabi-7-2018-q2-update/bin/../lib/gcc/arm-none-eabi/7.3.1/thumb/v7e-m/fpv4-sp/hard/crti.o
 .data          0x0000000000000000        0x4 /usr/local/gcc-arm-none-eabi-7-2018-q2-update/bin/../lib/gcc/arm-none-eabi/7.3.1/thumb/v7e-m/fpv4-sp/hard/crtbegin.o
 .data          0x0000000000000000        0x0 /usr/local/gcc-arm-none-eabi-7-2018-q2-update/bin/../lib/gcc/arm-none-eabi/7.3.1/../../../../arm-none-eabi/lib/thumb/v7e-m/fpv4-sp/hard/crt0.o
 .bss           0x0000000000000000        0x0 /usr/local/gcc-arm-none-eabi-7-2018-q2-update/bin/../lib/gcc/arm-none-eabi/7.3.1/../../../../arm-none-eabi/lib/thumb/v7e-m/fpv4-sp/hard/crt0.o
 .ARM.extab     0x0000000000000000        0x0 /usr/local/gcc-arm-none-eabi-7-2018-q2-update/bin/../lib/gcc/arm-none-eabi/7.3.1/../../../../arm-none-eabi/lib/thumb/v7e-m/fpv4-sp/hard/crt0.o
 .data          0x0000000000000000        0x0 _build/nrf52840_xxaa/gcc_startup_nrf52840.S.o
 .bss           0x0000000000000000        0x0 _build/nrf52840_xxaa/gcc_startup_nrf52840.S.o
 .group         0x0000000000000000        0xc _build/nrf52840_xxaa/nrf_log_frontend.c.o
 .group         0x0000000000000000        0xc _build/nrf52840_xxaa/nrf_log_frontend.c.o
[...]
Memory Configuration

Name             Origin             Length             Attributes
FLASH            0x0000000000000000 0x0000000000100000 xr
RAM              0x0000000020000000 0x0000000000040000 xrw
*default*        0x0000000000000000 0xffffffffffffffff

Linker script and memory map


.text           0x0000000000000000     0x2740
 *(.isr_vector)
 .isr_vector    0x0000000000000000      0x200 _build/nrf52840_xxaa/gcc_startup_nrf52840.S.o
                0x0000000000000000                __isr_vector
 *(.text*)
 .text          0x0000000000000200       0x40 /usr/local/gcc-arm-none-eabi-7-2018-q2-update/bin/../lib/gcc/arm-none-eabi/7.3.1/thumb/v7e-m/fpv4-sp/hard/crtbegin.o
 .text          0x0000000000000240       0x74 /usr/local/gcc-arm-none-eabi-7-2018-q2-update/bin/../lib/gcc/arm-none-eabi/7.3.1/../../../../arm-none-eabi/lib/thumb/v7e-m/fpv4-sp/hard/crt0.o
                0x0000000000000240                _mainCRTStartup
                0x0000000000000240                _start
 .text          0x00000000000002b4       0x3c _build/nrf52840_xxaa/gcc_startup_nrf52840.S.o
                0x00000000000002b4                Reset_Handler
                0x00000000000002dc                NMI_Handler
                0x00000000000002de                HardFault_Handler
                0x00000000000002e0                MemoryManagement_Handler
                0x00000000000002e2                BusFault_Handler
                0x00000000000002e4                UsageFault_Handler
                0x00000000000002e6                SVC_Handler
                0x00000000000002e8                DebugMon_Handler
                0x00000000000002ea                PendSV_Handler
                0x00000000000002ec                SysTick_Handler
                0x00000000000002ee                TIMER2_IRQHandler
                0x00000000000002ee                RTC0_IRQHandler
                0x00000000000002ee                SWI0_EGU0_IRQHandler
                0x00000000000002ee                SWI2_EGU2_IRQHandler
                0x00000000000002ee                PWM1_IRQHandler
                0x00000000000002ee                POWER_CLOCK_IRQHandler
                0x00000000000002ee                RADIO_IRQHandler
                0x00000000000002ee                PDM_IRQHandler
                0x00000000000002ee                TEMP_IRQHandler
                0x00000000000002ee                QDEC_IRQHandler
                0x00000000000002ee                TIMER3_IRQHandler
                0x00000000000002ee                PWM3_IRQHandler
                0x00000000000002ee                FPU_IRQHandler
                0x00000000000002ee                USBD_IRQHandler
                0x00000000000002ee                SPIM0_SPIS0_TWIM0_TWIS0_SPI0_TWI0_IRQHandler
                0x00000000000002ee                UARTE0_UART0_IRQHandler
                0x00000000000002ee                TIMER4_IRQHandler
                0x00000000000002ee                CRYPTOCELL_IRQHandler
                0x00000000000002ee                I2S_IRQHandler
                0x00000000000002ee                SWI4_EGU4_IRQHandler
                0x00000000000002ee                TIMER0_IRQHandler
                0x00000000000002ee                UARTE1_IRQHandler
                0x00000000000002ee                SPIM3_IRQHandler
                0x00000000000002ee                PWM2_IRQHandler
                0x00000000000002ee                ECB_IRQHandler
                0x00000000000002ee                SPIM1_SPIS1_TWIM1_TWIS1_SPI1_TWI1_IRQHandler
                0x00000000000002ee                Default_Handler
                0x00000000000002ee                SAADC_IRQHandler
                0x00000000000002ee                CCM_AAR_IRQHandler
                0x00000000000002ee                WDT_IRQHandler
                0x00000000000002ee                SWI5_EGU5_IRQHandler
                0x00000000000002ee                RNG_IRQHandler
                0x00000000000002ee                RTC2_IRQHandler
                0x00000000000002ee                PWM0_IRQHandler
                0x00000000000002ee                SWI3_EGU3_IRQHandler
                0x00000000000002ee                SWI1_EGU1_IRQHandler
                0x00000000000002ee                SPIM2_SPIS2_SPI2_IRQHandler
                0x00000000000002ee                NFCT_IRQHandler
                0x00000000000002ee                MWU_IRQHandler
                0x00000000000002ee                QSPI_IRQHandler
                0x00000000000002ee                COMP_LPCOMP_IRQHandler
 .text.bsp_board_led_state_get
                0x00000000000002f0       0x28 _build/nrf52840_xxaa/boards.c.o
                0x00000000000002f0                bsp_board_led_state_get
 .text.bsp_board_led_on
                0x0000000000000318       0x28 _build/nrf52840_xxaa/boards.c.o
                0x0000000000000318                bsp_board_led_on
 .text.bsp_board_led_off
                0x0000000000000340       0x28 _build/nrf52840_xxaa/boards.c.o
                0x0000000000000340                bsp_board_led_off
 .text.bsp_board_leds_off
                0x0000000000000368       0x2c _build/nrf52840_xxaa/boards.c.o
                0x0000000000000368                bsp_board_leds_off
 .text.bsp_board_leds_on
                0x0000000000000394       0x2c _build/nrf52840_xxaa/boards.c.o
                0x0000000000000394                bsp_board_leds_on
 .text.bsp_board_led_invert
                0x00000000000003c0       0x34 _build/nrf52840_xxaa/boards.c.o
                0x00000000000003c0                bsp_board_led_invert
 .text.bsp_board_pin_to_button_idx
                0x00000000000003f4       0x24 _build/nrf52840_xxaa/boards.c.o
                0x00000000000003f4                bsp_board_pin_to_button_idx
 .text.bsp_board_init
                0x0000000000000418       0x5c _build/nrf52840_xxaa/boards.c.o
                0x0000000000000418                bsp_board_init
 .text.gpiote_event_handler
                0x0000000000000474       0x80 _build/nrf52840_xxaa/app_button.c.o
 .text.detection_delay_timeout_handler
                0x00000000000004f4      0x27c _build/nrf52840_xxaa/app_button.c.o
 .text.app_button_init
                0x0000000000000770       0xb8 _build/nrf52840_xxaa/app_button.c.o
                0x0000000000000770                app_button_init
 .text.app_button_enable
                0x0000000000000828       0x2c _build/nrf52840_xxaa/app_button.c.o
                0x0000000000000828                app_button_enable
 .text.app_error_handler_bare
                0x0000000000000854       0x20 _build/nrf52840_xxaa/app_error.c.o
                0x0000000000000854                app_error_handler_bare
 .text.app_error_fault_handler
                0x0000000000000874       0x34 _build/nrf52840_xxaa/app_error_weak.c.o
                0x0000000000000874                app_error_fault_handler
 .text.app_simple_timer_event_handler
                0x00000000000008a8       0x30 _build/nrf52840_xxaa/app_simple_timer.c.o
 .text.app_simple_timer_init
                0x00000000000008d8       0x38 _build/nrf52840_xxaa/app_simple_timer.c.o
                0x00000000000008d8                app_simple_timer_init
 .text.compare_func
                0x0000000000000910       0x18 _build/nrf52840_xxaa/app_timer2.c.o
 .text.rtc_irq  0x0000000000000928      0x324 _build/nrf52840_xxaa/app_timer2.c.o
 .text.app_timer_init
                0x0000000000000c4c       0x6c _build/nrf52840_xxaa/app_timer2.c.o
                0x0000000000000c4c                app_timer_init
 .text.app_timer_create
                0x0000000000000cb8       0x1c _build/nrf52840_xxaa/app_timer2.c.o
                0x0000000000000cb8                app_timer_create
 .text.app_timer_start
                0x0000000000000cd4       0xa0 _build/nrf52840_xxaa/app_timer2.c.o
                0x0000000000000cd4                app_timer_start
 .text.app_timer_stop
                0x0000000000000d74       0x44 _build/nrf52840_xxaa/app_timer2.c.o
                0x0000000000000d74                app_timer_stop
 .text.app_util_critical_region_enter
                0x0000000000000db8       0x10 _build/nrf52840_xxaa/app_util_platform.c.o
                0x0000000000000db8                app_util_critical_region_enter
 .text.app_util_critical_region_exit
                0x0000000000000dc8       0x14 _build/nrf52840_xxaa/app_util_platform.c.o
                0x0000000000000dc8                app_util_critical_region_exit
 .text.drv_rtc_init
                0x0000000000000ddc       0x84 _build/nrf52840_xxaa/drv_rtc.c.o
                0x0000000000000ddc                drv_rtc_init
 .text.drv_rtc_start
                0x0000000000000e60        0x8 _build/nrf52840_xxaa/drv_rtc.c.o
                0x0000000000000e60                drv_rtc_start
 .text.drv_rtc_stop
                0x0000000000000e68        0x8 _build/nrf52840_xxaa/drv_rtc.c.o
                0x0000000000000e68                drv_rtc_stop
 .text.drv_rtc_compare_set
                0x0000000000000e70       0x4c _build/nrf52840_xxaa/drv_rtc.c.o
                0x0000000000000e70                drv_rtc_compare_set
 .text.drv_rtc_windowed_compare_set
                0x0000000000000ebc       0xf8 _build/nrf52840_xxaa/drv_rtc.c.o
                0x0000000000000ebc                drv_rtc_windowed_compare_set
 .text.drv_rtc_overflow_enable
                0x0000000000000fb4       0x14 _build/nrf52840_xxaa/drv_rtc.c.o
                0x0000000000000fb4                drv_rtc_overflow_enable
 .text.drv_rtc_overflow_pending
                0x0000000000000fc8       0x20 _build/nrf52840_xxaa/drv_rtc.c.o
                0x0000000000000fc8                drv_rtc_overflow_pending
 .text.drv_rtc_compare_disable
                0x0000000000000fe8       0x18 _build/nrf52840_xxaa/drv_rtc.c.o
                0x0000000000000fe8                drv_rtc_compare_disable
 .text.drv_rtc_compare_pending
                0x0000000000001000       0x24 _build/nrf52840_xxaa/drv_rtc.c.o
                0x0000000000001000                drv_rtc_compare_pending
 .text.drv_rtc_counter_get
                0x0000000000001024        0x8 _build/nrf52840_xxaa/drv_rtc.c.o
                0x0000000000001024                drv_rtc_counter_get
 .text.drv_rtc_irq_trigger
                0x000000000000102c       0x20 _build/nrf52840_xxaa/drv_rtc.c.o
                0x000000000000102c                drv_rtc_irq_trigger
 .text.RTC1_IRQHandler
                0x000000000000104c       0x14 _build/nrf52840_xxaa/drv_rtc.c.o
                0x000000000000104c                RTC1_IRQHandler
 .text.nrf_atfifo_init
                0x0000000000001060       0x30 _build/nrf52840_xxaa/nrf_atfifo.c.o
                0x0000000000001060                nrf_atfifo_init
 .text.nrf_atfifo_item_alloc
                0x0000000000001090       0x58 _build/nrf52840_xxaa/nrf_atfifo.c.o
                0x0000000000001090                nrf_atfifo_item_alloc
 .text.nrf_atfifo_item_put
                0x00000000000010e8       0x20 _build/nrf52840_xxaa/nrf_atfifo.c.o
                0x00000000000010e8                nrf_atfifo_item_put
 .text.nrf_atfifo_item_get
                0x0000000000001108       0x5c _build/nrf52840_xxaa/nrf_atfifo.c.o
                0x0000000000001108                nrf_atfifo_item_get
 .text.nrf_atfifo_item_free
                0x0000000000001164       0x20 _build/nrf52840_xxaa/nrf_atfifo.c.o
                0x0000000000001164                nrf_atfifo_item_free
 .text.nrf_sortlist_add
                0x0000000000001184       0x28 _build/nrf52840_xxaa/nrf_sortlist.c.o
                0x0000000000001184                nrf_sortlist_add
 .text.nrf_sortlist_pop
                0x00000000000011ac        0xc _build/nrf52840_xxaa/nrf_sortlist.c.o
                0x00000000000011ac                nrf_sortlist_pop
 .text.nrf_sortlist_peek
                0x00000000000011b8        0x8 _build/nrf52840_xxaa/nrf_sortlist.c.o
                0x00000000000011b8                nrf_sortlist_peek
 .text.nrf_sortlist_remove
                0x00000000000011c0       0x28 _build/nrf52840_xxaa/nrf_sortlist.c.o
                0x00000000000011c0                nrf_sortlist_remove
 .text.nrfx_gpiote_init
                0x00000000000011e8       0x94 _build/nrf52840_xxaa/nrfx_gpiote.c.o
                0x00000000000011e8                nrfx_gpiote_init
 .text.nrfx_gpiote_is_init
                0x000000000000127c       0x14 _build/nrf52840_xxaa/nrfx_gpiote.c.o
                0x000000000000127c                nrfx_gpiote_is_init
 .text.nrfx_gpiote_in_init
                0x0000000000001290      0x1e0 _build/nrf52840_xxaa/nrfx_gpiote.c.o
                0x0000000000001290                nrfx_gpiote_in_init
 .text.nrfx_gpiote_in_event_enable
                0x0000000000001470       0xf8 _build/nrf52840_xxaa/nrfx_gpiote.c.o
                0x0000000000001470                nrfx_gpiote_in_event_enable
 .text.nrfx_gpiote_in_is_set
                0x0000000000001568       0x20 _build/nrf52840_xxaa/nrfx_gpiote.c.o
                0x0000000000001568                nrfx_gpiote_in_is_set
 .text.GPIOTE_IRQHandler
                0x0000000000001588      0x568 _build/nrf52840_xxaa/nrfx_gpiote.c.o
                0x0000000000001588                GPIOTE_IRQHandler
 .text.nrfx_timer_init
                0x0000000000001af0       0xf0 _build/nrf52840_xxaa/nrfx_timer.c.o
                0x0000000000001af0                nrfx_timer_init
 .text.TIMER1_IRQHandler
                0x0000000000001be0       0x58 _build/nrf52840_xxaa/nrfx_timer.c.o
                0x0000000000001be0                TIMER1_IRQHandler
 .text.alert_timer_handler
                0x0000000000001c38        0x8 _build/nrf52840_xxaa/bsp.c.o
 .text.bsp_button_event_handler
                0x0000000000001c40       0xa0 _build/nrf52840_xxaa/bsp.c.o
 .text.button_timer_handler
                0x0000000000001ce0       0x30 _build/nrf52840_xxaa/bsp.c.o
 .text.leds_timer_handler
                0x0000000000001d10      0x2ec _build/nrf52840_xxaa/bsp.c.o
 .text.bsp_init
                0x0000000000001ffc       0xbc _build/nrf52840_xxaa/bsp.c.o
                0x0000000000001ffc                bsp_init
 .text.single_shot_timer_handler
                0x00000000000020b8        0x8 _build/nrf52840_xxaa/main_2.c.o
                0x00000000000020b8                single_shot_timer_handler
 .text.bsp_evt_handler
                0x00000000000020c0       0x2c _build/nrf52840_xxaa/main_2.c.o
                0x00000000000020c0                bsp_evt_handler
 .text.create_timers
                0x00000000000020ec       0x20 _build/nrf52840_xxaa/main_2.c.o
                0x00000000000020ec                create_timers
 .text.bsp_configuration
                0x000000000000210c       0x24 _build/nrf52840_xxaa/main_2.c.o
                0x000000000000210c                bsp_configuration
 .text.startup.main
                0x0000000000002130       0x48 _build/nrf52840_xxaa/main_2.c.o
                0x0000000000002130                main
 .text.SystemInit
                0x0000000000002178      0x1c4 _build/nrf52840_xxaa/system_nrf52840.c.o
                0x0000000000002178                SystemInit
 .text.exit     0x000000000000233c       0x28 /usr/local/gcc-arm-none-eabi-7-2018-q2-update/bin/../lib/gcc/arm-none-eabi/7.3.1/../../../../arm-none-eabi/lib/thumb/v7e-m/fpv4-sp/hard/libc_nano.a(lib_a-exit.o)
                0x000000000000233c                exit
 .text.__libc_init_array
                0x0000000000002364       0x48 /usr/local/gcc-arm-none-eabi-7-2018-q2-update/bin/../lib/gcc/arm-none-eabi/7.3.1/../../../../arm-none-eabi/lib/thumb/v7e-m/fpv4-sp/hard/libc_nano.a(lib_a-init.o)
                0x0000000000002364                __libc_init_array
 .text.memset   0x00000000000023ac       0x10 /usr/local/gcc-arm-none-eabi-7-2018-q2-update/bin/../lib/gcc/arm-none-eabi/7.3.1/../../../../arm-none-eabi/lib/thumb/v7e-m/fpv4-sp/hard/libc_nano.a(lib_a-memset.o)
                0x00000000000023ac                memset
 .text._exit    0x00000000000023bc        0x4 /usr/local/gcc-arm-none-eabi-7-2018-q2-update/bin/../lib/gcc/arm-none-eabi/7.3.1/../../../../arm-none-eabi/lib/thumb/v7e-m/fpv4-sp/hard/libnosys.a(_exit.o)
                0x00000000000023bc                _exit
 .text          0x00000000000023c0       0x30 /usr/local/gcc-arm-none-eabi-7-2018-q2-update/bin/../lib/gcc/arm-none-eabi/7.3.1/thumb/v7e-m/fpv4-sp/hard/libgcc.a(_aeabi_uldivmod.o)
                0x00000000000023c0                __aeabi_uldivmod
 .text          0x00000000000023f0      0x2cc /usr/local/gcc-arm-none-eabi-7-2018-q2-update/bin/../lib/gcc/arm-none-eabi/7.3.1/thumb/v7e-m/fpv4-sp/hard/libgcc.a(_udivmoddi4.o)
                0x00000000000023f0                __udivmoddi4
 .text          0x00000000000026bc        0x4 /usr/local/gcc-arm-none-eabi-7-2018-q2-update/bin/../lib/gcc/arm-none-eabi/7.3.1/thumb/v7e-m/fpv4-sp/hard/libgcc.a(_dvmd_tls.o)
                0x00000000000026bc                __aeabi_ldiv0
                0x00000000000026bc                __aeabi_idiv0
 *(.init)
 .init          0x00000000000026c0        0x4 /usr/local/gcc-arm-none-eabi-7-2018-q2-update/bin/../lib/gcc/arm-none-eabi/7.3.1/thumb/v7e-m/fpv4-sp/hard/crti.o
                0x00000000000026c0                _init
 .init          0x00000000000026c4        0x8 /usr/local/gcc-arm-none-eabi-7-2018-q2-update/bin/../lib/gcc/arm-none-eabi/7.3.1/thumb/v7e-m/fpv4-sp/hard/crtn.o
 *(.fini)
 .fini          0x00000000000026cc        0x4 /usr/local/gcc-arm-none-eabi-7-2018-q2-update/bin/../lib/gcc/arm-none-eabi/7.3.1/thumb/v7e-m/fpv4-sp/hard/crti.o
                0x00000000000026cc                _fini
 .fini          0x00000000000026d0        0x8 /usr/local/gcc-arm-none-eabi-7-2018-q2-update/bin/../lib/gcc/arm-none-eabi/7.3.1/thumb/v7e-m/fpv4-sp/hard/crtn.o
 *crtbegin.o(.ctors)
 *crtbegin?.o(.ctors)
 *(EXCLUDE_FILE(*crtend.o *crtend?.o) .ctors)
 *(SORT_BY_NAME(.ctors.*))
 *(.ctors)
 *crtbegin.o(.dtors)
 *crtbegin?.o(.dtors)
 *(EXCLUDE_FILE(*crtend.o *crtend?.o) .dtors)
 *(SORT_BY_NAME(.dtors.*))
 *(.dtors)
 *(.rodata*)
 .rodata.m_board_led_list
                0x00000000000026d8        0x4 _build/nrf52840_xxaa/boards.c.o
 .rodata.m_detection_delay_timer_id
                0x00000000000026dc        0x4 _build/nrf52840_xxaa/app_button.c.o
 .rodata.SIMPLE_TIMER
                0x00000000000026e0        0x8 _build/nrf52840_xxaa/app_simple_timer.c.o
                0x00000000000026e0                SIMPLE_TIMER
 .rodata        0x00000000000026e8        0x4 _build/nrf52840_xxaa/app_timer2.c.o
 .rodata.m_app_timer_sortlist
                0x00000000000026ec        0xc _build/nrf52840_xxaa/app_timer2.c.o
 *fill*         0x00000000000026f8        0x8 
 .rodata.delay_machine_code.8166
                0x0000000000002700        0x6 _build/nrf52840_xxaa/drv_rtc.c.o
 *fill*         0x0000000000002706        0x2 
 .rodata.app_buttons
                0x0000000000002708       0x20 _build/nrf52840_xxaa/bsp.c.o
 .rodata.m_bsp_alert_tmr
                0x0000000000002728        0x4 _build/nrf52840_xxaa/bsp.c.o
 .rodata.m_bsp_button_tmr
                0x000000000000272c        0x4 _build/nrf52840_xxaa/bsp.c.o
 .rodata.m_bsp_leds_tmr
                0x0000000000002730        0x4 _build/nrf52840_xxaa/bsp.c.o
 .rodata.m_single_shot_timer_id
                0x0000000000002734        0x4 _build/nrf52840_xxaa/main_2.c.o
 .rodata._global_impure_ptr
                0x0000000000002738        0x4 /usr/local/gcc-arm-none-eabi-7-2018-q2-update/bin/../lib/gcc/arm-none-eabi/7.3.1/../../../../arm-none-eabi/lib/thumb/v7e-m/fpv4-sp/hard/libc_nano.a(lib_a-impure.o)
                0x0000000000002738                _global_impure_ptr
 *(.eh_frame*)
 .eh_frame      0x000000000000273c        0x0 /usr/local/gcc-arm-none-eabi-7-2018-q2-update/bin/../lib/gcc/arm-none-eabi/7.3.1/thumb/v7e-m/fpv4-sp/hard/crtbegin.o
 .eh_frame      0x000000000000273c        0x4 /usr/local/gcc-arm-none-eabi-7-2018-q2-update/bin/../lib/gcc/arm-none-eabi/7.3.1/thumb/v7e-m/fpv4-sp/hard/crtend.o

.glue_7         0x0000000000002740        0x0
 .glue_7        0x0000000000002740        0x0 linker stubs

.glue_7t        0x0000000000002740        0x0
 .glue_7t       0x0000000000002740        0x0 linker stubs

.vfp11_veneer   0x0000000000002740        0x0
 .vfp11_veneer  0x0000000000002740        0x0 linker stubs

.v4_bx          0x0000000000002740        0x0
 .v4_bx         0x0000000000002740        0x0 linker stubs

.iplt           0x0000000000002740        0x0
 .iplt          0x0000000000002740        0x0 /usr/local/gcc-arm-none-eabi-7-2018-q2-update/bin/../lib/gcc/arm-none-eabi/7.3.1/thumb/v7e-m/fpv4-sp/hard/crtbegin.o

.mem_section_dummy_rom

.log_const_data
                0x0000000000002740        0x0
                [!provide]                        PROVIDE (__start_log_const_data = .)
 *(SORT_BY_NAME(.log_const_data*))
                [!provide]                        PROVIDE (__stop_log_const_data = .)

.log_backends   0x0000000000002740        0x0
                [!provide]                        PROVIDE (__start_log_backends = .)
 *(SORT_BY_NAME(.log_backends*))
                [!provide]                        PROVIDE (__stop_log_backends = .)

.nrf_balloc     0x0000000000002740        0x0
                [!provide]                        PROVIDE (__start_nrf_balloc = .)
 *(.nrf_balloc)
                [!provide]                        PROVIDE (__stop_nrf_balloc = .)

.ARM.extab
 *(.ARM.extab* .gnu.linkonce.armextab.*)
                0x0000000000002740                __exidx_start = .

.ARM.exidx      0x0000000000002740        0x8
 *(.ARM.exidx* .gnu.linkonce.armexidx.*)
 .ARM.exidx     0x0000000000002740        0x8 /usr/local/gcc-arm-none-eabi-7-2018-q2-update/bin/../lib/gcc/arm-none-eabi/7.3.1/../../../../arm-none-eabi/lib/thumb/v7e-m/fpv4-sp/hard/crt0.o
 .ARM.exidx     0x0000000000002748        0x0 /usr/local/gcc-arm-none-eabi-7-2018-q2-update/bin/../lib/gcc/arm-none-eabi/7.3.1/thumb/v7e-m/fpv4-sp/hard/libgcc.a(_udivmoddi4.o)
                                          0x8 (size before relaxing)
                0x0000000000002748                __exidx_end = .
                0x0000000000002748                __etext = .

.rel.dyn        0x0000000000002748        0x0
 .rel.iplt      0x0000000000002748        0x0 /usr/local/gcc-arm-none-eabi-7-2018-q2-update/bin/../lib/gcc/arm-none-eabi/7.3.1/thumb/v7e-m/fpv4-sp/hard/crtbegin.o

.data           0x0000000020000000       0x74 load address 0x0000000000002748
                0x0000000020000000                __data_start__ = .
 *(vtable)
 *(.data*)
 .data.m_rtc_inst
                0x0000000020000000        0x8 _build/nrf52840_xxaa/app_timer2.c.o
 .data.SystemCoreClock
                0x0000000020000008        0x4 _build/nrf52840_xxaa/system_nrf52840.c.o
                0x0000000020000008                SystemCoreClock
 .data.impure_data
                0x000000002000000c       0x60 /usr/local/gcc-arm-none-eabi-7-2018-q2-update/bin/../lib/gcc/arm-none-eabi/7.3.1/../../../../arm-none-eabi/lib/thumb/v7e-m/fpv4-sp/hard/libc_nano.a(lib_a-impure.o)
                0x000000002000006c                . = ALIGN (0x4)
                0x000000002000006c                PROVIDE (__preinit_array_start = .)
 *(.preinit_array)
                0x000000002000006c                PROVIDE (__preinit_array_end = .)
                0x000000002000006c                . = ALIGN (0x4)
                0x000000002000006c                PROVIDE (__init_array_start = .)
 *(SORT_BY_NAME(.init_array.*))
 *(.init_array)
 .init_array    0x000000002000006c        0x4 /usr/local/gcc-arm-none-eabi-7-2018-q2-update/bin/../lib/gcc/arm-none-eabi/7.3.1/thumb/v7e-m/fpv4-sp/hard/crtbegin.o
                0x0000000020000070                PROVIDE (__init_array_end = .)
                0x0000000020000070                . = ALIGN (0x4)
                [!provide]                        PROVIDE (__fini_array_start = .)
 *(SORT_BY_NAME(.fini_array.*))
 *(.fini_array)
 .fini_array    0x0000000020000070        0x4 /usr/local/gcc-arm-none-eabi-7-2018-q2-update/bin/../lib/gcc/arm-none-eabi/7.3.1/thumb/v7e-m/fpv4-sp/hard/crtbegin.o
                [!provide]                        PROVIDE (__fini_array_end = .)
 *(.jcr*)
                0x0000000020000074                . = ALIGN (0x4)
                0x0000000020000074                __data_end__ = .
LOAD /usr/local/gcc-arm-none-eabi-7-2018-q2-update/bin/../lib/gcc/arm-none-eabi/7.3.1/thumb/v7e-m/fpv4-sp/hard/crti.o
LOAD /usr/local/gcc-arm-none-eabi-7-2018-q2-update/bin/../lib/gcc/arm-none-eabi/7.3.1/thumb/v7e-m/fpv4-sp/hard/crtbegin.o
LOAD /usr/local/gcc-arm-none-eabi-7-2018-q2-update/bin/../lib/gcc/arm-none-eabi/7.3.1/../../../../arm-none-eabi/lib/thumb/v7e-m/fpv4-sp/hard/crt0.o
LOAD _build/nrf52840_xxaa/gcc_startup_nrf52840.S.o
LOAD _build/nrf52840_xxaa/nrf_log_frontend.c.o
LOAD _build/nrf52840_xxaa/nrf_log_str_formatter.c.o
LOAD _build/nrf52840_xxaa/boards.c.o
LOAD _build/nrf52840_xxaa/app_button.c.o
LOAD _build/nrf52840_xxaa/app_error.c.o
LOAD _build/nrf52840_xxaa/app_error_handler_gcc.c.o
LOAD _build/nrf52840_xxaa/app_error_weak.c.o
LOAD _build/nrf52840_xxaa/app_scheduler.c.o
LOAD _build/nrf52840_xxaa/app_simple_timer.c.o
LOAD _build/nrf52840_xxaa/app_timer2.c.o
LOAD _build/nrf52840_xxaa/app_util_platform.c.o
LOAD _build/nrf52840_xxaa/drv_rtc.c.o
LOAD _build/nrf52840_xxaa/nrf_assert.c.o
LOAD _build/nrf52840_xxaa/nrf_atfifo.c.o
LOAD _build/nrf52840_xxaa/nrf_atomic.c.o
LOAD _build/nrf52840_xxaa/nrf_balloc.c.o
LOAD _build/nrf52840_xxaa/nrf_fprintf.c.o
LOAD _build/nrf52840_xxaa/nrf_fprintf_format.c.o
LOAD _build/nrf52840_xxaa/nrf_memobj.c.o
LOAD _build/nrf52840_xxaa/nrf_ringbuf.c.o
LOAD _build/nrf52840_xxaa/nrf_sortlist.c.o
LOAD _build/nrf52840_xxaa/nrf_strerror.c.o
LOAD _build/nrf52840_xxaa/nrf_nvic.c.o
LOAD _build/nrf52840_xxaa/nrf_soc.c.o
LOAD _build/nrf52840_xxaa/nrfx_atomic.c.o
LOAD _build/nrf52840_xxaa/nrfx_gpiote.c.o
LOAD _build/nrf52840_xxaa/nrfx_timer.c.o
LOAD _build/nrf52840_xxaa/bsp.c.o
LOAD _build/nrf52840_xxaa/main_2.c.o
LOAD _build/nrf52840_xxaa/system_nrf52840.c.o
LOAD /usr/local/gcc-arm-none-eabi-7-2018-q2-update/bin/../lib/gcc/arm-none-eabi/7.3.1/../../../../arm-none-eabi/lib/thumb/v7e-m/fpv4-sp/hard/libc_nano.a
LOAD /usr/local/gcc-arm-none-eabi-7-2018-q2-update/bin/../lib/gcc/arm-none-eabi/7.3.1/../../../../arm-none-eabi/lib/thumb/v7e-m/fpv4-sp/hard/libnosys.a
LOAD /usr/local/gcc-arm-none-eabi-7-2018-q2-update/bin/../lib/gcc/arm-none-eabi/7.3.1/../../../../arm-none-eabi/lib/thumb/v7e-m/fpv4-sp/hard/libm.a
START GROUP
LOAD /usr/local/gcc-arm-none-eabi-7-2018-q2-update/bin/../lib/gcc/arm-none-eabi/7.3.1/thumb/v7e-m/fpv4-sp/hard/libgcc.a
LOAD /usr/local/gcc-arm-none-eabi-7-2018-q2-update/bin/../lib/gcc/arm-none-eabi/7.3.1/../../../../arm-none-eabi/lib/thumb/v7e-m/fpv4-sp/hard/libg_nano.a
LOAD /usr/local/gcc-arm-none-eabi-7-2018-q2-update/bin/../lib/gcc/arm-none-eabi/7.3.1/../../../../arm-none-eabi/lib/thumb/v7e-m/fpv4-sp/hard/libc_nano.a
END GROUP
START GROUP
LOAD /usr/local/gcc-arm-none-eabi-7-2018-q2-update/bin/../lib/gcc/arm-none-eabi/7.3.1/thumb/v7e-m/fpv4-sp/hard/libgcc.a
LOAD /usr/local/gcc-arm-none-eabi-7-2018-q2-update/bin/../lib/gcc/arm-none-eabi/7.3.1/../../../../arm-none-eabi/lib/thumb/v7e-m/fpv4-sp/hard/libc_nano.a
END GROUP
LOAD /usr/local/gcc-arm-none-eabi-7-2018-q2-update/bin/../lib/gcc/arm-none-eabi/7.3.1/thumb/v7e-m/fpv4-sp/hard/crtend.o
LOAD /usr/local/gcc-arm-none-eabi-7-2018-q2-update/bin/../lib/gcc/arm-none-eabi/7.3.1/thumb/v7e-m/fpv4-sp/hard/crtn.o
START GROUP
LOAD /usr/local/gcc-arm-none-eabi-7-2018-q2-update/bin/../lib/gcc/arm-none-eabi/7.3.1/thumb/v7e-m/fpv4-sp/hard/libgcc.a
LOAD /usr/local/gcc-arm-none-eabi-7-2018-q2-update/bin/../lib/gcc/arm-none-eabi/7.3.1/../../../../arm-none-eabi/lib/thumb/v7e-m/fpv4-sp/hard/libc.a
LOAD /usr/local/gcc-arm-none-eabi-7-2018-q2-update/bin/../lib/gcc/arm-none-eabi/7.3.1/../../../../arm-none-eabi/lib/thumb/v7e-m/fpv4-sp/hard/libnosys.a
END GROUP

.igot.plt       0x0000000020000074        0x0 load address 0x00000000000027bc
 .igot.plt      0x0000000020000074        0x0 /usr/local/gcc-arm-none-eabi-7-2018-q2-update/bin/../lib/gcc/arm-none-eabi/7.3.1/thumb/v7e-m/fpv4-sp/hard/crtbegin.o
                0x0000000020000074                . = ALIGN (0x4)

.mem_section_dummy_ram

.log_dynamic_data
                0x0000000020000074        0x0
                [!provide]                        PROVIDE (__start_log_dynamic_data = .)
 *(SORT_BY_NAME(.log_dynamic_data*))
                [!provide]                        PROVIDE (__stop_log_dynamic_data = .)

.log_filter_data
                0x0000000020000074        0x0
                [!provide]                        PROVIDE (__start_log_filter_data = .)
 *(SORT_BY_NAME(.log_filter_data*))
                [!provide]                        PROVIDE (__stop_log_filter_data = .)

.bss            0x0000000020000078      0x238 load address 0x00000000000027c0
                0x0000000020000078                . = ALIGN (0x4)
                0x0000000020000078                __bss_start__ = .
 *(.bss*)
 .bss           0x0000000020000078       0x1c /usr/local/gcc-arm-none-eabi-7-2018-q2-update/bin/../lib/gcc/arm-none-eabi/7.3.1/thumb/v7e-m/fpv4-sp/hard/crtbegin.o
 .bss.m_button_count
                0x0000000020000094        0x1 _build/nrf52840_xxaa/app_button.c.o
 *fill*         0x0000000020000095        0x3 
 .bss.m_detection_delay
                0x0000000020000098        0x4 _build/nrf52840_xxaa/app_button.c.o
 *fill*         0x000000002000009c        0x4 
 .bss.m_detection_delay_timer_id_data
                0x00000000200000a0       0x20 _build/nrf52840_xxaa/app_button.c.o
 .bss.m_pin_active
                0x00000000200000c0        0x8 _build/nrf52840_xxaa/app_button.c.o
 .bss.m_pin_states
                0x00000000200000c8       0x20 _build/nrf52840_xxaa/app_button.c.o
 .bss.mp_buttons
                0x00000000200000e8        0x4 _build/nrf52840_xxaa/app_button.c.o
 .bss.m_mode    0x00000000200000ec        0x1 _build/nrf52840_xxaa/app_simple_timer.c.o
 .bss.m_simple_timer_state
                0x00000000200000ed        0x1 _build/nrf52840_xxaa/app_simple_timer.c.o
 *fill*         0x00000000200000ee        0x2 
 .bss.m_timeout_handler
                0x00000000200000f0        0x4 _build/nrf52840_xxaa/app_simple_timer.c.o
 .bss.mp_timeout_handler_context
                0x00000000200000f4        0x4 _build/nrf52840_xxaa/app_simple_timer.c.o
 .bss.m_app_timer_sortlist_sortlist_cb
                0x00000000200000f8        0x4 _build/nrf52840_xxaa/app_timer2.c.o
 *fill*         0x00000000200000fc        0x4 
 .bss.m_base_counter
                0x0000000020000100        0x8 _build/nrf52840_xxaa/app_timer2.c.o
 .bss.m_global_active
                0x0000000020000108        0x1 _build/nrf52840_xxaa/app_timer2.c.o
 *fill*         0x0000000020000109        0x3 
 .bss.m_req_fifo_data
                0x000000002000010c       0x58 _build/nrf52840_xxaa/app_timer2.c.o
 .bss.m_req_fifo_inst
                0x0000000020000164       0x10 _build/nrf52840_xxaa/app_timer2.c.o
 *fill*         0x0000000020000174        0x4 
 .bss.m_stamp64
                0x0000000020000178        0x8 _build/nrf52840_xxaa/app_timer2.c.o
 .bss.mp_active_timer
                0x0000000020000180        0x4 _build/nrf52840_xxaa/app_timer2.c.o
 .bss.m_in_critical_region
                0x0000000020000184        0x4 _build/nrf52840_xxaa/app_util_platform.c.o
 .bss.m_cb      0x0000000020000188        0x8 _build/nrf52840_xxaa/drv_rtc.c.o
 .bss.m_handlers
                0x0000000020000190        0x4 _build/nrf52840_xxaa/drv_rtc.c.o
 .bss.m_cb      0x0000000020000194       0x6c _build/nrf52840_xxaa/nrfx_gpiote.c.o
 .bss.m_cb      0x0000000020000200        0xc _build/nrf52840_xxaa/nrfx_timer.c.o
 .bss.current_long_push_pin_no.8759
                0x000000002000020c        0x1 _build/nrf52840_xxaa/bsp.c.o
 .bss.m_alert_on
                0x000000002000020d        0x1 _build/nrf52840_xxaa/bsp.c.o
 *fill*         0x000000002000020e        0x2 
 .bss.m_bsp_alert_tmr_data
                0x0000000020000210       0x20 _build/nrf52840_xxaa/bsp.c.o
 .bss.m_bsp_button_tmr_data
                0x0000000020000230       0x20 _build/nrf52840_xxaa/bsp.c.o
 .bss.m_bsp_leds_tmr_data
                0x0000000020000250       0x20 _build/nrf52840_xxaa/bsp.c.o
 .bss.m_events_list
                0x0000000020000270        0xc _build/nrf52840_xxaa/bsp.c.o
 .bss.m_indication_type
                0x000000002000027c        0x4 _build/nrf52840_xxaa/bsp.c.o
 .bss.m_leds_clear
                0x0000000020000280        0x1 _build/nrf52840_xxaa/bsp.c.o
 *fill*         0x0000000020000281        0x3 
 .bss.m_registered_callback
                0x0000000020000284        0x4 _build/nrf52840_xxaa/bsp.c.o
 .bss.m_stable_state
                0x0000000020000288        0x1 _build/nrf52840_xxaa/bsp.c.o
 *fill*         0x0000000020000289        0x3 
 .bss.release_event_at_push.8760
                0x000000002000028c        0x4 _build/nrf52840_xxaa/bsp.c.o
 .bss.m_single_shot_timer_id_data
                0x0000000020000290       0x20 _build/nrf52840_xxaa/main_2.c.o
 *(COMMON)
                0x00000000200002b0                . = ALIGN (0x4)
                0x00000000200002b0                __bss_end__ = .

.heap           0x00000000200002b0     0x2000
                0x00000000200002b0                __HeapBase = .
                0x00000000200002b0                __end__ = .
                [!provide]                        PROVIDE (end = .)
 *(.heap*)
 .heap          0x00000000200002b0     0x2000 _build/nrf52840_xxaa/gcc_startup_nrf52840.S.o
                0x00000000200022b0                __HeapLimit = .

.stack_dummy    0x00000000200002b0     0x2000
 *(.stack*)
 .stack         0x00000000200002b0     0x2000 _build/nrf52840_xxaa/gcc_startup_nrf52840.S.o
                0x0000000020040000                __StackTop = (ORIGIN (RAM) + LENGTH (RAM))
                0x000000002003e000                __StackLimit = (__StackTop - SIZEOF (.stack_dummy))
                0x0000000020040000                PROVIDE (__stack = __StackTop)
                0x0000000000000001                ASSERT ((__StackLimit >= __HeapLimit), region RAM overflowed with stack)
                0x0000000000000078                DataInitFlashUsed = (__bss_start__ - __data_start__)
                0x0000000000002748                CodeFlashUsed = (__etext - ORIGIN (FLASH))
                0x00000000000027c0                TotalFlashUsed = (CodeFlashUsed + DataInitFlashUsed)
                0x0000000000000001                ASSERT ((TotalFlashUsed <= LENGTH (FLASH)), region FLASH overflowed with .data and user data)
OUTPUT(_build/nrf52840_xxaa.out elf32-littlearm)

.ARM.attributes
                0x0000000000000000       0x30
 .ARM.attributes
                0x0000000000000000       0x22 /usr/local/gcc-arm-none-eabi-7-2018-q2-update/bin/../lib/gcc/arm-none-eabi/7.3.1/thumb/v7e-m/fpv4-sp/hard/crti.o
 .ARM.attributes
                0x0000000000000022       0x34 /usr/local/gcc-arm-none-eabi-7-2018-q2-update/bin/../lib/gcc/arm-none-eabi/7.3.1/thumb/v7e-m/fpv4-sp/hard/crtbegin.o
 .ARM.attributes
                0x0000000000000056       0x20 /usr/local/gcc-arm-none-eabi-7-2018-q2-update/bin/../lib/gcc/arm-none-eabi/7.3.1/../../../../arm-none-eabi/lib/thumb/v7e-m/fpv4-sp/hard/crt0.o
 .ARM.attributes
                0x0000000000000076       0x20 _build/nrf52840_xxaa/gcc_startup_nrf52840.S.o
 .ARM.attributes
                0x0000000000000096       0x39 _build/nrf52840_xxaa/boards.c.o
 .ARM.attributes
                0x00000000000000cf       0x39 _build/nrf52840_xxaa/app_button.c.o
 .ARM.attributes
                0x0000000000000108       0x39 _build/nrf52840_xxaa/app_error.c.o
 .ARM.attributes
                0x0000000000000141       0x39 _build/nrf52840_xxaa/app_error_weak.c.o
 .ARM.attributes
                0x000000000000017a       0x39 _build/nrf52840_xxaa/app_simple_timer.c.o
 .ARM.attributes
                0x00000000000001b3       0x39 _build/nrf52840_xxaa/app_timer2.c.o
 .ARM.attributes
                0x00000000000001ec       0x39 _build/nrf52840_xxaa/app_util_platform.c.o
 .ARM.attributes
                0x0000000000000225       0x39 _build/nrf52840_xxaa/drv_rtc.c.o
 .ARM.attributes
                0x000000000000025e       0x39 _build/nrf52840_xxaa/nrf_atfifo.c.o
 .ARM.attributes
                0x0000000000000297       0x39 _build/nrf52840_xxaa/nrf_sortlist.c.o
 .ARM.attributes
                0x00000000000002d0       0x39 _build/nrf52840_xxaa/nrfx_gpiote.c.o
 .ARM.attributes
                0x0000000000000309       0x39 _build/nrf52840_xxaa/nrfx_timer.c.o
 .ARM.attributes
                0x0000000000000342       0x39 _build/nrf52840_xxaa/bsp.c.o
 .ARM.attributes
                0x000000000000037b       0x39 _build/nrf52840_xxaa/main_2.c.o
 .ARM.attributes
                0x00000000000003b4       0x39 _build/nrf52840_xxaa/system_nrf52840.c.o
 .ARM.attributes
                0x00000000000003ed       0x34 /usr/local/gcc-arm-none-eabi-7-2018-q2-update/bin/../lib/gcc/arm-none-eabi/7.3.1/../../../../arm-none-eabi/lib/thumb/v7e-m/fpv4-sp/hard/libc_nano.a(lib_a-exit.o)
 .ARM.attributes
                0x0000000000000421       0x34 /usr/local/gcc-arm-none-eabi-7-2018-q2-update/bin/../lib/gcc/arm-none-eabi/7.3.1/../../../../arm-none-eabi/lib/thumb/v7e-m/fpv4-sp/hard/libc_nano.a(lib_a-impure.o)
 .ARM.attributes
                0x0000000000000455       0x34 /usr/local/gcc-arm-none-eabi-7-2018-q2-update/bin/../lib/gcc/arm-none-eabi/7.3.1/../../../../arm-none-eabi/lib/thumb/v7e-m/fpv4-sp/hard/libc_nano.a(lib_a-init.o)
 .ARM.attributes
                0x0000000000000489       0x34 /usr/local/gcc-arm-none-eabi-7-2018-q2-update/bin/../lib/gcc/arm-none-eabi/7.3.1/../../../../arm-none-eabi/lib/thumb/v7e-m/fpv4-sp/hard/libc_nano.a(lib_a-memset.o)
 .ARM.attributes
                0x00000000000004bd       0x34 /usr/local/gcc-arm-none-eabi-7-2018-q2-update/bin/../lib/gcc/arm-none-eabi/7.3.1/../../../../arm-none-eabi/lib/thumb/v7e-m/fpv4-sp/hard/libnosys.a(_exit.o)
 .ARM.attributes
                0x00000000000004f1       0x22 /usr/local/gcc-arm-none-eabi-7-2018-q2-update/bin/../lib/gcc/arm-none-eabi/7.3.1/thumb/v7e-m/fpv4-sp/hard/libgcc.a(_aeabi_uldivmod.o)
 .ARM.attributes
                0x0000000000000513       0x34 /usr/local/gcc-arm-none-eabi-7-2018-q2-update/bin/../lib/gcc/arm-none-eabi/7.3.1/thumb/v7e-m/fpv4-sp/hard/libgcc.a(_udivmoddi4.o)
 .ARM.attributes
                0x0000000000000547       0x22 /usr/local/gcc-arm-none-eabi-7-2018-q2-update/bin/../lib/gcc/arm-none-eabi/7.3.1/thumb/v7e-m/fpv4-sp/hard/libgcc.a(_dvmd_tls.o)
 .ARM.attributes
                0x0000000000000569       0x34 /usr/local/gcc-arm-none-eabi-7-2018-q2-update/bin/../lib/gcc/arm-none-eabi/7.3.1/thumb/v7e-m/fpv4-sp/hard/crtend.o
 .ARM.attributes
                0x000000000000059d       0x22 /usr/local/gcc-arm-none-eabi-7-2018-q2-update/bin/../lib/gcc/arm-none-eabi/7.3.1/thumb/v7e-m/fpv4-sp/hard/crtn.o

.comment        0x0000000000000000       0x7f
 .comment       0x0000000000000000       0x7f _build/nrf52840_xxaa/boards.c.o
                                         0x80 (size before relaxing)
 .comment       0x000000000000007f       0x80 _build/nrf52840_xxaa/app_button.c.o
 .comment       0x000000000000007f       0x80 _build/nrf52840_xxaa/app_error.c.o
 .comment       0x000000000000007f       0x80 _build/nrf52840_xxaa/app_error_weak.c.o
 .comment       0x000000000000007f       0x80 _build/nrf52840_xxaa/app_simple_timer.c.o
 .comment       0x000000000000007f       0x80 _build/nrf52840_xxaa/app_timer2.c.o
 .comment       0x000000000000007f       0x80 _build/nrf52840_xxaa/app_util_platform.c.o
 .comment       0x000000000000007f       0x80 _build/nrf52840_xxaa/drv_rtc.c.o
 .comment       0x000000000000007f       0x80 _build/nrf52840_xxaa/nrf_atfifo.c.o
 .comment       0x000000000000007f       0x80 _build/nrf52840_xxaa/nrf_sortlist.c.o
 .comment       0x000000000000007f       0x80 _build/nrf52840_xxaa/nrfx_gpiote.c.o
 .comment       0x000000000000007f       0x80 _build/nrf52840_xxaa/nrfx_timer.c.o
 .comment       0x000000000000007f       0x80 _build/nrf52840_xxaa/bsp.c.o
 .comment       0x000000000000007f       0x80 _build/nrf52840_xxaa/main_2.c.o
 .comment       0x000000000000007f       0x80 _build/nrf52840_xxaa/system_nrf52840.c.o

.debug_line     0x0000000000000000     0x903a
 .debug_line    0x0000000000000000       0x89 _build/nrf52840_xxaa/gcc_startup_nrf52840.S.o
 .debug_line    0x0000000000000089      0x891 _build/nrf52840_xxaa/boards.c.o
 .debug_line    0x000000000000091a      0xbac _build/nrf52840_xxaa/app_button.c.o
 .debug_line    0x00000000000014c6      0x4db _build/nrf52840_xxaa/app_error.c.o
 .debug_line    0x00000000000019a1      0x6dc _build/nrf52840_xxaa/app_error_weak.c.o
 .debug_line    0x000000000000207d      0x877 _build/nrf52840_xxaa/app_simple_timer.c.o
 .debug_line    0x00000000000028f4      0xbba _build/nrf52840_xxaa/app_timer2.c.o
 .debug_line    0x00000000000034ae      0x57a _build/nrf52840_xxaa/app_util_platform.c.o
 .debug_line    0x0000000000003a28      0xce9 _build/nrf52840_xxaa/drv_rtc.c.o
 .debug_line    0x0000000000004711      0x726 _build/nrf52840_xxaa/nrf_atfifo.c.o
 .debug_line    0x0000000000004e37      0x647 _build/nrf52840_xxaa/nrf_sortlist.c.o
 .debug_line    0x000000000000547e     0x13d7 _build/nrf52840_xxaa/nrfx_gpiote.c.o
 .debug_line    0x0000000000006855      0xc5e _build/nrf52840_xxaa/nrfx_timer.c.o
 .debug_line    0x00000000000074b3      0xc43 _build/nrf52840_xxaa/bsp.c.o
 .debug_line    0x00000000000080f6      0xb63 _build/nrf52840_xxaa/main_2.c.o
 .debug_line    0x0000000000008c59      0x3e1 _build/nrf52840_xxaa/system_nrf52840.c.o

.debug_info     0x0000000000000000    0x174e5
 .debug_info    0x0000000000000000       0x26 _build/nrf52840_xxaa/gcc_startup_nrf52840.S.o
 .debug_info    0x0000000000000026     0x1550 _build/nrf52840_xxaa/boards.c.o
 .debug_info    0x0000000000001576     0x19b4 _build/nrf52840_xxaa/app_button.c.o
 .debug_info    0x0000000000002f2a      0xaeb _build/nrf52840_xxaa/app_error.c.o
 .debug_info    0x0000000000003a15      0xe4a _build/nrf52840_xxaa/app_error_weak.c.o
 .debug_info    0x000000000000485f     0x10a8 _build/nrf52840_xxaa/app_simple_timer.c.o
 .debug_info    0x0000000000005907     0x1f68 _build/nrf52840_xxaa/app_timer2.c.o
 .debug_info    0x000000000000786f      0xfd0 _build/nrf52840_xxaa/app_util_platform.c.o
 .debug_info    0x000000000000883f     0x249b _build/nrf52840_xxaa/drv_rtc.c.o
 .debug_info    0x000000000000acda     0x139d _build/nrf52840_xxaa/nrf_atfifo.c.o
 .debug_info    0x000000000000c077      0xc71 _build/nrf52840_xxaa/nrf_sortlist.c.o
 .debug_info    0x000000000000cce8     0x3b29 _build/nrf52840_xxaa/nrfx_gpiote.c.o
 .debug_info    0x0000000000010811     0x2270 _build/nrf52840_xxaa/nrfx_timer.c.o
 .debug_info    0x0000000000012a81     0x22e8 _build/nrf52840_xxaa/bsp.c.o
 .debug_info    0x0000000000014d69     0x1400 _build/nrf52840_xxaa/main_2.c.o
 .debug_info    0x0000000000016169     0x137c _build/nrf52840_xxaa/system_nrf52840.c.o

.debug_abbrev   0x0000000000000000     0x358f
 .debug_abbrev  0x0000000000000000       0x14 _build/nrf52840_xxaa/gcc_startup_nrf52840.S.o
 .debug_abbrev  0x0000000000000014      0x3dc _build/nrf52840_xxaa/boards.c.o
 .debug_abbrev  0x00000000000003f0      0x3c7 _build/nrf52840_xxaa/app_button.c.o
 .debug_abbrev  0x00000000000007b7      0x235 _build/nrf52840_xxaa/app_error.c.o
 .debug_abbrev  0x00000000000009ec      0x25f _build/nrf52840_xxaa/app_error_weak.c.o
 .debug_abbrev  0x0000000000000c4b      0x31d _build/nrf52840_xxaa/app_simple_timer.c.o
 .debug_abbrev  0x0000000000000f68      0x4da _build/nrf52840_xxaa/app_timer2.c.o
 .debug_abbrev  0x0000000000001442      0x326 _build/nrf52840_xxaa/app_util_platform.c.o
 .debug_abbrev  0x0000000000001768      0x4c4 _build/nrf52840_xxaa/drv_rtc.c.o
 .debug_abbrev  0x0000000000001c2c      0x33b _build/nrf52840_xxaa/nrf_atfifo.c.o
 .debug_abbrev  0x0000000000001f67      0x256 _build/nrf52840_xxaa/nrf_sortlist.c.o
 .debug_abbrev  0x00000000000021bd      0x520 _build/nrf52840_xxaa/nrfx_gpiote.c.o
 .debug_abbrev  0x00000000000026dd      0x464 _build/nrf52840_xxaa/nrfx_timer.c.o
 .debug_abbrev  0x0000000000002b41      0x4ce _build/nrf52840_xxaa/bsp.c.o
 .debug_abbrev  0x000000000000300f      0x395 _build/nrf52840_xxaa/main_2.c.o
 .debug_abbrev  0x00000000000033a4      0x1eb _build/nrf52840_xxaa/system_nrf52840.c.o

.debug_aranges  0x0000000000000000      0x5b8
 .debug_aranges
                0x0000000000000000       0x20 _build/nrf52840_xxaa/gcc_startup_nrf52840.S.o
 .debug_aranges
                0x0000000000000020       0x78 _build/nrf52840_xxaa/boards.c.o
 .debug_aranges
                0x0000000000000098       0x50 _build/nrf52840_xxaa/app_button.c.o
 .debug_aranges
                0x00000000000000e8       0x28 _build/nrf52840_xxaa/app_error.c.o
 .debug_aranges
                0x0000000000000110       0x20 _build/nrf52840_xxaa/app_error_weak.c.o
 .debug_aranges
                0x0000000000000130       0x40 _build/nrf52840_xxaa/app_simple_timer.c.o
 .debug_aranges
                0x0000000000000170       0x70 _build/nrf52840_xxaa/app_timer2.c.o
 .debug_aranges
                0x00000000000001e0       0x48 _build/nrf52840_xxaa/app_util_platform.c.o
 .debug_aranges
                0x0000000000000228       0xa8 _build/nrf52840_xxaa/drv_rtc.c.o
 .debug_aranges
                0x00000000000002d0       0x58 _build/nrf52840_xxaa/nrf_atfifo.c.o
 .debug_aranges
                0x0000000000000328       0x40 _build/nrf52840_xxaa/nrf_sortlist.c.o
 .debug_aranges
                0x0000000000000368       0xd8 _build/nrf52840_xxaa/nrfx_gpiote.c.o
 .debug_aranges
                0x0000000000000440       0x90 _build/nrf52840_xxaa/nrfx_timer.c.o
 .debug_aranges
                0x00000000000004d0       0x78 _build/nrf52840_xxaa/bsp.c.o
 .debug_aranges
                0x0000000000000548       0x48 _build/nrf52840_xxaa/main_2.c.o
 .debug_aranges
                0x0000000000000590       0x28 _build/nrf52840_xxaa/system_nrf52840.c.o

.debug_str      0x0000000000000000    0x8fab9
 .debug_str     0x0000000000000000       0x9f _build/nrf52840_xxaa/gcc_startup_nrf52840.S.o
 .debug_str     0x000000000000009f    0x84d10 _build/nrf52840_xxaa/boards.c.o
                                      0x861c0 (size before relaxing)
 .debug_str     0x0000000000084daf     0x466c _build/nrf52840_xxaa/app_button.c.o
                                      0x89236 (size before relaxing)
 .debug_str     0x000000000008941b      0x116 _build/nrf52840_xxaa/app_error.c.o
                                      0x77f08 (size before relaxing)
 .debug_str     0x0000000000089531      0x63c _build/nrf52840_xxaa/app_error_weak.c.o
                                      0x85068 (size before relaxing)
 .debug_str     0x0000000000089b6d     0x1360 _build/nrf52840_xxaa/app_simple_timer.c.o
                                      0x862ce (size before relaxing)
 .debug_str     0x000000000008aecd     0x10d7 _build/nrf52840_xxaa/app_timer2.c.o
                                      0x88f33 (size before relaxing)
 .debug_str     0x000000000008bfa4      0x1fd _build/nrf52840_xxaa/app_util_platform.c.o
                                      0x7875a (size before relaxing)
 .debug_str     0x000000000008c1a1      0x7c0 _build/nrf52840_xxaa/drv_rtc.c.o
                                      0x8887b (size before relaxing)
 .debug_str     0x000000000008c961      0x16a _build/nrf52840_xxaa/nrf_atfifo.c.o
                                      0x84302 (size before relaxing)
 .debug_str     0x000000000008cacb       0xc5 _build/nrf52840_xxaa/nrf_sortlist.c.o
                                      0x83f51 (size before relaxing)
 .debug_str     0x000000000008cb90      0xfe5 _build/nrf52840_xxaa/nrfx_gpiote.c.o
                                      0x89a73 (size before relaxing)
 .debug_str     0x000000000008db75      0x476 _build/nrf52840_xxaa/nrfx_timer.c.o
                                      0x8903f (size before relaxing)
 .debug_str     0x000000000008dfeb      0xfdf _build/nrf52840_xxaa/bsp.c.o
                                      0x88029 (size before relaxing)
 .debug_str     0x000000000008efca      0x653 _build/nrf52840_xxaa/main_2.c.o
                                      0x8abdb (size before relaxing)
 .debug_str     0x000000000008f61d      0x49c _build/nrf52840_xxaa/system_nrf52840.c.o
                                      0x73bce (size before relaxing)

.debug_loc      0x0000000000000000     0x77d8
 .debug_loc     0x0000000000000000      0x867 _build/nrf52840_xxaa/boards.c.o
 .debug_loc     0x0000000000000867      0xbcb _build/nrf52840_xxaa/app_button.c.o
 .debug_loc     0x0000000000001432       0xca _build/nrf52840_xxaa/app_error.c.o
 .debug_loc     0x00000000000014fc       0x42 _build/nrf52840_xxaa/app_error_weak.c.o
 .debug_loc     0x000000000000153e      0x243 _build/nrf52840_xxaa/app_simple_timer.c.o
 .debug_loc     0x0000000000001781      0x720 _build/nrf52840_xxaa/app_timer2.c.o
 .debug_loc     0x0000000000001ea1       0xc3 _build/nrf52840_xxaa/app_util_platform.c.o
 .debug_loc     0x0000000000001f64      0xe6c _build/nrf52840_xxaa/drv_rtc.c.o
 .debug_loc     0x0000000000002dd0      0x563 _build/nrf52840_xxaa/nrf_atfifo.c.o
 .debug_loc     0x0000000000003333      0x12f _build/nrf52840_xxaa/nrf_sortlist.c.o
 .debug_loc     0x0000000000003462     0x2c86 _build/nrf52840_xxaa/nrfx_gpiote.c.o
 .debug_loc     0x00000000000060e8      0x8d6 _build/nrf52840_xxaa/nrfx_timer.c.o
 .debug_loc     0x00000000000069be      0xce5 _build/nrf52840_xxaa/bsp.c.o
 .debug_loc     0x00000000000076a3      0x135 _build/nrf52840_xxaa/main_2.c.o

.debug_ranges   0x0000000000000000     0x1f08
 .debug_ranges  0x0000000000000000       0xe8 _build/nrf52840_xxaa/boards.c.o
 .debug_ranges  0x00000000000000e8      0x3c8 _build/nrf52840_xxaa/app_button.c.o
 .debug_ranges  0x00000000000004b0       0x18 _build/nrf52840_xxaa/app_error.c.o
 .debug_ranges  0x00000000000004c8       0x10 _build/nrf52840_xxaa/app_error_weak.c.o
 .debug_ranges  0x00000000000004d8       0x30 _build/nrf52840_xxaa/app_simple_timer.c.o
 .debug_ranges  0x0000000000000508      0x268 _build/nrf52840_xxaa/app_timer2.c.o
 .debug_ranges  0x0000000000000770       0x50 _build/nrf52840_xxaa/app_util_platform.c.o
 .debug_ranges  0x00000000000007c0      0x2c8 _build/nrf52840_xxaa/drv_rtc.c.o
 .debug_ranges  0x0000000000000a88       0x78 _build/nrf52840_xxaa/nrf_atfifo.c.o
 .debug_ranges  0x0000000000000b00       0x30 _build/nrf52840_xxaa/nrf_sortlist.c.o
 .debug_ranges  0x0000000000000b30      0xc60 _build/nrf52840_xxaa/nrfx_gpiote.c.o
 .debug_ranges  0x0000000000001790      0x2d0 _build/nrf52840_xxaa/nrfx_timer.c.o
 .debug_ranges  0x0000000000001a60      0x3b0 _build/nrf52840_xxaa/bsp.c.o
 .debug_ranges  0x0000000000001e10       0xb8 _build/nrf52840_xxaa/main_2.c.o
 .debug_ranges  0x0000000000001ec8       0x40 _build/nrf52840_xxaa/system_nrf52840.c.o

.debug_macro    0x0000000000000000     0x4f54
 .debug_macro   0x0000000000000000      0x349 _build/nrf52840_xxaa/boards.c.o
 .debug_macro   0x0000000000000349       0x26 _build/nrf52840_xxaa/boards.c.o
 .debug_macro   0x000000000000036f      0x430 _build/nrf52840_xxaa/boards.c.o
 .debug_macro   0x000000000000079f       0x59 _build/nrf52840_xxaa/boards.c.o
 .debug_macro   0x00000000000007f8      0x145 _build/nrf52840_xxaa/boards.c.o
 .debug_macro   0x000000000000093d      0x154 _build/nrf52840_xxaa/boards.c.o
 .debug_macro   0x0000000000000a91       0x3f _build/nrf52840_xxaa/boards.c.o
 .debug_macro   0x0000000000000ad0       0x16 _build/nrf52840_xxaa/boards.c.o
 .debug_macro   0x0000000000000ae6       0x10 _build/nrf52840_xxaa/boards.c.o
 .debug_macro   0x0000000000000af6       0x10 _build/nrf52840_xxaa/boards.c.o
 .debug_macro   0x0000000000000b06       0xb6 _build/nrf52840_xxaa/boards.c.o
 .debug_macro   0x0000000000000bbc       0x16 _build/nrf52840_xxaa/boards.c.o
 .debug_macro   0x0000000000000bd2      0x129 _build/nrf52840_xxaa/boards.c.o
 .debug_macro   0x0000000000000cfb       0x49 _build/nrf52840_xxaa/boards.c.o
 .debug_macro   0x0000000000000d44       0x8c _build/nrf52840_xxaa/boards.c.o
 .debug_macro   0x0000000000000dd0       0x19 _build/nrf52840_xxaa/boards.c.o
 .debug_macro   0x0000000000000de9       0x1d _build/nrf52840_xxaa/boards.c.o
 .debug_macro   0x0000000000000e06       0x35 _build/nrf52840_xxaa/boards.c.o
 .debug_macro   0x0000000000000e3b       0x7b _build/nrf52840_xxaa/boards.c.o
 .debug_macro   0x0000000000000eb6       0x64 _build/nrf52840_xxaa/boards.c.o
 .debug_macro   0x0000000000000f1a       0x20 _build/nrf52840_xxaa/boards.c.o
 .debug_macro   0x0000000000000f3a       0x16 _build/nrf52840_xxaa/boards.c.o
 .debug_macro   0x0000000000000f50      0x208 _build/nrf52840_xxaa/boards.c.o
 .debug_macro   0x0000000000001158      0x16d _build/nrf52840_xxaa/boards.c.o
 .debug_macro   0x00000000000012c5      0x41c _build/nrf52840_xxaa/app_button.c.o
 .debug_macro   0x00000000000016e1       0x1c _build/nrf52840_xxaa/app_button.c.o
 .debug_macro   0x00000000000016fd       0xac _build/nrf52840_xxaa/app_button.c.o
 .debug_macro   0x00000000000017a9       0x1c _build/nrf52840_xxaa/app_button.c.o
 .debug_macro   0x00000000000017c5       0x37 _build/nrf52840_xxaa/app_button.c.o
 .debug_macro   0x00000000000017fc       0x55 _build/nrf52840_xxaa/app_button.c.o
 .debug_macro   0x0000000000001851       0x16 _build/nrf52840_xxaa/app_button.c.o
 .debug_macro   0x0000000000001867       0x3c _build/nrf52840_xxaa/app_button.c.o
 .debug_macro   0x00000000000018a3       0x17 _build/nrf52840_xxaa/app_button.c.o
 .debug_macro   0x00000000000018ba       0x45 _build/nrf52840_xxaa/app_button.c.o
 .debug_macro   0x00000000000018ff       0xcc _build/nrf52840_xxaa/app_button.c.o
 .debug_macro   0x00000000000019cb       0x16 _build/nrf52840_xxaa/app_button.c.o
 .debug_macro   0x00000000000019e1      0x179 _build/nrf52840_xxaa/app_button.c.o
 .debug_macro   0x0000000000001b5a       0x9a _build/nrf52840_xxaa/app_button.c.o
 .debug_macro   0x0000000000001bf4      0x22e _build/nrf52840_xxaa/app_error.c.o
 .debug_macro   0x0000000000001e22       0x35 _build/nrf52840_xxaa/app_error.c.o
 .debug_macro   0x0000000000001e57       0x97 _build/nrf52840_xxaa/app_error.c.o
 .debug_macro   0x0000000000001eee       0xf6 _build/nrf52840_xxaa/app_error.c.o
 .debug_macro   0x0000000000001fe4      0x31d _build/nrf52840_xxaa/app_error_weak.c.o
 .debug_macro   0x0000000000002301       0x16 _build/nrf52840_xxaa/app_error_weak.c.o
 .debug_macro   0x0000000000002317       0x31 _build/nrf52840_xxaa/app_error_weak.c.o
 .debug_macro   0x0000000000002348       0x16 _build/nrf52840_xxaa/app_error_weak.c.o
 .debug_macro   0x000000000000235e      0x17f _build/nrf52840_xxaa/app_error_weak.c.o
 .debug_macro   0x00000000000024dd       0x28 _build/nrf52840_xxaa/app_error_weak.c.o
 .debug_macro   0x0000000000002505       0x23 _build/nrf52840_xxaa/app_error_weak.c.o
 .debug_macro   0x0000000000002528       0x1c _build/nrf52840_xxaa/app_error_weak.c.o
 .debug_macro   0x0000000000002544       0x92 _build/nrf52840_xxaa/app_error_weak.c.o
 .debug_macro   0x00000000000025d6      0x39d _build/nrf52840_xxaa/app_simple_timer.c.o
 .debug_macro   0x0000000000002973       0x1c _build/nrf52840_xxaa/app_simple_timer.c.o
 .debug_macro   0x000000000000298f       0x10 _build/nrf52840_xxaa/app_simple_timer.c.o
 .debug_macro   0x000000000000299f       0x94 _build/nrf52840_xxaa/app_simple_timer.c.o
 .debug_macro   0x0000000000002a33      0x408 _build/nrf52840_xxaa/app_timer2.c.o
 .debug_macro   0x0000000000002e3b       0x27 _build/nrf52840_xxaa/app_timer2.c.o
 .debug_macro   0x0000000000002e62       0x45 _build/nrf52840_xxaa/app_timer2.c.o
 .debug_macro   0x0000000000002ea7       0x5b _build/nrf52840_xxaa/app_timer2.c.o
 .debug_macro   0x0000000000002f02       0x10 _build/nrf52840_xxaa/app_timer2.c.o
 .debug_macro   0x0000000000002f12       0x2e _build/nrf52840_xxaa/app_timer2.c.o
 .debug_macro   0x0000000000002f40       0x28 _build/nrf52840_xxaa/app_timer2.c.o
 .debug_macro   0x0000000000002f68      0x244 _build/nrf52840_xxaa/app_util_platform.c.o
 .debug_macro   0x00000000000031ac      0x3f4 _build/nrf52840_xxaa/drv_rtc.c.o
 .debug_macro   0x00000000000035a0       0x10 _build/nrf52840_xxaa/drv_rtc.c.o
 .debug_macro   0x00000000000035b0      0x28d _build/nrf52840_xxaa/nrf_atfifo.c.o
 .debug_macro   0x000000000000383d       0x58 _build/nrf52840_xxaa/nrf_atfifo.c.o
 .debug_macro   0x0000000000003895       0x5c _build/nrf52840_xxaa/nrf_atfifo.c.o
 .debug_macro   0x00000000000038f1       0x57 _build/nrf52840_xxaa/nrf_atfifo.c.o
 .debug_macro   0x0000000000003948      0x287 _build/nrf52840_xxaa/nrf_sortlist.c.o
 .debug_macro   0x0000000000003bcf      0x420 _build/nrf52840_xxaa/nrfx_gpiote.c.o
 .debug_macro   0x0000000000003fef       0x1c _build/nrf52840_xxaa/nrfx_gpiote.c.o
 .debug_macro   0x000000000000400b       0x16 _build/nrf52840_xxaa/nrfx_gpiote.c.o
 .debug_macro   0x0000000000004021       0x1c _build/nrf52840_xxaa/nrfx_gpiote.c.o
 .debug_macro   0x000000000000403d       0x42 _build/nrf52840_xxaa/nrfx_gpiote.c.o
 .debug_macro   0x000000000000407f      0x3e0 _build/nrf52840_xxaa/nrfx_timer.c.o
 .debug_macro   0x000000000000445f       0x22 _build/nrf52840_xxaa/nrfx_timer.c.o
 .debug_macro   0x0000000000004481      0x3ba _build/nrf52840_xxaa/bsp.c.o
 .debug_macro   0x000000000000483b       0x1c _build/nrf52840_xxaa/bsp.c.o
 .debug_macro   0x0000000000004857      0x100 _build/nrf52840_xxaa/bsp.c.o
 .debug_macro   0x0000000000004957      0x48b _build/nrf52840_xxaa/main_2.c.o
 .debug_macro   0x0000000000004de2       0x22 _build/nrf52840_xxaa/main_2.c.o
 .debug_macro   0x0000000000004e04       0x40 _build/nrf52840_xxaa/main_2.c.o
 .debug_macro   0x0000000000004e44       0x10 _build/nrf52840_xxaa/main_2.c.o
 .debug_macro   0x0000000000004e54      0x100 _build/nrf52840_xxaa/system_nrf52840.c.o

.debug_frame    0x0000000000000000     0x101c
 .debug_frame   0x0000000000000000       0xf8 _build/nrf52840_xxaa/boards.c.o
 .debug_frame   0x00000000000000f8      0x158 _build/nrf52840_xxaa/app_button.c.o
 .debug_frame   0x0000000000000250       0x54 _build/nrf52840_xxaa/app_error.c.o
 .debug_frame   0x00000000000002a4       0x20 _build/nrf52840_xxaa/app_error_weak.c.o
 .debug_frame   0x00000000000002c4       0xc0 _build/nrf52840_xxaa/app_simple_timer.c.o
 .debug_frame   0x0000000000000384      0x14c _build/nrf52840_xxaa/app_timer2.c.o
 .debug_frame   0x00000000000004d0       0x70 _build/nrf52840_xxaa/app_util_platform.c.o
 .debug_frame   0x0000000000000540      0x1b0 _build/nrf52840_xxaa/drv_rtc.c.o
 .debug_frame   0x00000000000006f0      0x124 _build/nrf52840_xxaa/nrf_atfifo.c.o
 .debug_frame   0x0000000000000814       0x6c _build/nrf52840_xxaa/nrf_sortlist.c.o
 .debug_frame   0x0000000000000880      0x260 _build/nrf52840_xxaa/nrfx_gpiote.c.o
 .debug_frame   0x0000000000000ae0      0x19c _build/nrf52840_xxaa/nrfx_timer.c.o
 .debug_frame   0x0000000000000c7c      0x1d4 _build/nrf52840_xxaa/bsp.c.o
 .debug_frame   0x0000000000000e50       0x98 _build/nrf52840_xxaa/main_2.c.o
 .debug_frame   0x0000000000000ee8       0x40 _build/nrf52840_xxaa/system_nrf52840.c.o
 .debug_frame   0x0000000000000f28       0x28 /usr/local/gcc-arm-none-eabi-7-2018-q2-update/bin/../lib/gcc/arm-none-eabi/7.3.1/../../../../arm-none-eabi/lib/thumb/v7e-m/fpv4-sp/hard/libc_nano.a(lib_a-exit.o)
 .debug_frame   0x0000000000000f50       0x2c /usr/local/gcc-arm-none-eabi-7-2018-q2-update/bin/../lib/gcc/arm-none-eabi/7.3.1/../../../../arm-none-eabi/lib/thumb/v7e-m/fpv4-sp/hard/libc_nano.a(lib_a-init.o)
 .debug_frame   0x0000000000000f7c       0x20 /usr/local/gcc-arm-none-eabi-7-2018-q2-update/bin/../lib/gcc/arm-none-eabi/7.3.1/../../../../arm-none-eabi/lib/thumb/v7e-m/fpv4-sp/hard/libc_nano.a(lib_a-memset.o)
 .debug_frame   0x0000000000000f9c       0x20 /usr/local/gcc-arm-none-eabi-7-2018-q2-update/bin/../lib/gcc/arm-none-eabi/7.3.1/../../../../arm-none-eabi/lib/thumb/v7e-m/fpv4-sp/hard/libnosys.a(_exit.o)
 .debug_frame   0x0000000000000fbc       0x2c /usr/local/gcc-arm-none-eabi-7-2018-q2-update/bin/../lib/gcc/arm-none-eabi/7.3.1/thumb/v7e-m/fpv4-sp/hard/libgcc.a(_aeabi_uldivmod.o)
 .debug_frame   0x0000000000000fe8       0x34 /usr/local/gcc-arm-none-eabi-7-2018-q2-update/bin/../lib/gcc/arm-none-eabi/7.3.1/thumb/v7e-m/fpv4-sp/hard/libgcc.a(_udivmoddi4.o)
